Component: ARM Compiler 5.06 update 4 (build 422) Tool: armlink [4d35d2]

==============================================================================

Section Cross References

    main.o(i.main) refers to _printf_pad.o(.text) for _printf_pre_padding
    main.o(i.main) refers to _printf_percent.o(.ARM.Collect$$_printf_percent$$00000000) for _printf_percent
    main.o(i.main) refers to _printf_d.o(.ARM.Collect$$_printf_percent$$00000009) for _printf_d
    main.o(i.main) refers to _printf_dec.o(.text) for _printf_int_dec
    main.o(i.main) refers to _printf_x.o(.ARM.Collect$$_printf_percent$$0000000C) for _printf_x
    main.o(i.main) refers to _printf_hex_int.o(.text) for _printf_longlong_hex
    main.o(i.main) refers to sys.o(i.Cache_Enable) for Cache_Enable
    main.o(i.main) refers to stm32h7xx_hal.o(i.HAL_Init) for HAL_Init
    main.o(i.main) refers to sys.o(i.Stm32_Clock_Init) for Stm32_Clock_Init
    main.o(i.main) refers to delay.o(i.delay_init) for delay_init
    main.o(i.main) refers to usart.o(i.uart_init) for uart_init
    main.o(i.main) refers to led.o(i.LED_Init) for LED_Init
    main.o(i.main) refers to key.o(i.KEY_Init) for KEY_Init
    main.o(i.main) refers to sdram.o(i.SDRAM_Init) for SDRAM_Init
    main.o(i.main) refers to lcd.o(i.LCD_Init) for LCD_Init
    main.o(i.main) refers to malloc.o(i.my_mem_init) for my_mem_init
    main.o(i.main) refers to lcd.o(i.LCD_ShowString) for LCD_ShowString
    main.o(i.main) refers to key.o(i.KEY_Scan) for KEY_Scan
    main.o(i.main) refers to malloc.o(i.mymalloc) for mymalloc
    main.o(i.main) refers to noretval__2sprintf.o(.text) for __2sprintf
    main.o(i.main) refers to malloc.o(i.myfree) for myfree
    main.o(i.main) refers to lcd.o(i.LCD_Fill) for LCD_Fill
    main.o(i.main) refers to delay.o(i.delay_ms) for delay_ms
    main.o(i.main) refers to malloc.o(i.my_mem_perused) for my_mem_perused
    main.o(i.main) refers to stm32h7xx_hal_gpio.o(i.HAL_GPIO_TogglePin) for HAL_GPIO_TogglePin
    main.o(i.main) refers to lcd.o(.data) for POINT_COLOR
    main.o(i.main) refers to main.o(.data) for SRAM_NAME_BUF
    main.o(.data) refers to main.o(.conststring) for .conststring
    system_stm32h7xx.o(i.SystemCoreClockUpdate) refers to system_stm32h7xx.o(.data) for SystemCoreClock
    system_stm32h7xx.o(i.SystemCoreClockUpdate) refers to system_stm32h7xx.o(.constdata) for D1CorePrescTable
    startup_stm32h743xx.o(STACK) refers (Special) to heapauxi.o(.text) for __use_two_region_memory
    startup_stm32h743xx.o(HEAP) refers (Special) to heapauxi.o(.text) for __use_two_region_memory
    startup_stm32h743xx.o(RESET) refers (Special) to heapauxi.o(.text) for __use_two_region_memory
    startup_stm32h743xx.o(RESET) refers to startup_stm32h743xx.o(STACK) for __initial_sp
    startup_stm32h743xx.o(RESET) refers to startup_stm32h743xx.o(.text) for Reset_Handler
    startup_stm32h743xx.o(RESET) refers to stm32h7xx_it.o(i.NMI_Handler) for NMI_Handler
    startup_stm32h743xx.o(RESET) refers to stm32h7xx_it.o(i.HardFault_Handler) for HardFault_Handler
    startup_stm32h743xx.o(RESET) refers to stm32h7xx_it.o(i.BusFault_Handler) for BusFault_Handler
    startup_stm32h743xx.o(RESET) refers to stm32h7xx_it.o(i.UsageFault_Handler) for UsageFault_Handler
    startup_stm32h743xx.o(RESET) refers to port.o(.emb_text) for SVC_Handler
    startup_stm32h743xx.o(RESET) refers to stm32h7xx_it.o(i.DebugMon_Handler) for DebugMon_Handler
    startup_stm32h743xx.o(RESET) refers to delay.o(i.SysTick_Handler) for SysTick_Handler
    startup_stm32h743xx.o(RESET) refers to usart.o(i.USART1_IRQHandler) for USART1_IRQHandler
    startup_stm32h743xx.o(.text) refers (Special) to heapauxi.o(.text) for __use_two_region_memory
    startup_stm32h743xx.o(.text) refers to system_stm32h7xx.o(i.SystemInit) for SystemInit
    startup_stm32h743xx.o(.text) refers to __main.o(!!!main) for __main
    startup_stm32h743xx.o(.text) refers to startup_stm32h743xx.o(HEAP) for Heap_Mem
    startup_stm32h743xx.o(.text) refers to startup_stm32h743xx.o(STACK) for Stack_Mem
    delay.o(i.SysTick_Handler) refers to stm32h7xx_hal.o(i.HAL_IncTick) for HAL_IncTick
    delay.o(i.SysTick_Handler) refers to tasks.o(i.xTaskGetSchedulerState) for xTaskGetSchedulerState
    delay.o(i.SysTick_Handler) refers to port.o(i.xPortSysTickHandler) for xPortSysTickHandler
    delay.o(i.delay_init) refers to stm32h7xx_hal_cortex.o(i.HAL_SYSTICK_CLKSourceConfig) for HAL_SYSTICK_CLKSourceConfig
    delay.o(i.delay_init) refers to delay.o(.data) for fac_us
    delay.o(i.delay_ms) refers to delay.o(i.delay_us) for delay_us
    delay.o(i.delay_us) refers to delay.o(.data) for fac_us
    sys.o(i.Cache_Enable) refers to sys.o(i.SCB_EnableICache) for SCB_EnableICache
    sys.o(i.Cache_Enable) refers to sys.o(i.SCB_EnableDCache) for SCB_EnableDCache
    sys.o(i.Stm32_Clock_Init) refers to stm32h7xx_hal_rcc.o(i.HAL_RCC_OscConfig) for HAL_RCC_OscConfig
[...]
    i.SystemInit                             0x08007adc   Section        0  system_stm32h7xx.o(i.SystemInit)
    i.UART_AdvFeatureConfig                  0x08007b70   Section        0  stm32h7xx_hal_uart.o(i.UART_AdvFeatureConfig)
    i.UART_CheckIdleState                    0x08007c5a   Section        0  stm32h7xx_hal_uart.o(i.UART_CheckIdleState)
    i.UART_DMAAbortOnError                   0x08007cce   Section        0  stm32h7xx_hal_uart.o(i.UART_DMAAbortOnError)
    UART_DMAAbortOnError                     0x08007ccf   Thumb Code    24  stm32h7xx_hal_uart.o(i.UART_DMAAbortOnError)
    i.UART_EndRxTransfer                     0x08007ce6   Section        0  stm32h7xx_hal_uart.o(i.UART_EndRxTransfer)
    UART_EndRxTransfer                       0x08007ce7   Thumb Code    32  stm32h7xx_hal_uart.o(i.UART_EndRxTransfer)
    i.UART_EndTransmit_IT                    0x08007d06   Section        0  stm32h7xx_hal_uart.o(i.UART_EndTransmit_IT)
    UART_EndTransmit_IT                      0x08007d07   Thumb Code    32  stm32h7xx_hal_uart.o(i.UART_EndTransmit_IT)
    i.UART_Receive_IT                        0x08007d26   Section        0  stm32h7xx_hal_uart.o(i.UART_Receive_IT)
    UART_Receive_IT                          0x08007d27   Thumb Code   138  stm32h7xx_hal_uart.o(i.UART_Receive_IT)
    i.UART_SetConfig                         0x08007db0   Section        0  stm32h7xx_hal_uart.o(i.UART_SetConfig)
    i.UART_Transmit_IT                       0x08008754   Section        0  stm32h7xx_hal_uart.o(i.UART_Transmit_IT)
    UART_Transmit_IT                         0x08008755   Thumb Code   130  stm32h7xx_hal_uart.o(i.UART_Transmit_IT)
    i.UART_WaitOnFlagUntilTimeout            0x080087d6   Section        0  stm32h7xx_hal_uart.o(i.UART_WaitOnFlagUntilTimeout)
    i.USART1_IRQHandler                      0x08008844   Section        0  usart.o(i.USART1_IRQHandler)
    i.UsageFault_Handler                     0x08008894   Section        0  stm32h7xx_it.o(i.UsageFault_Handler)
    i.__NVIC_GetPriorityGrouping             0x08008898   Section        0  stm32h7xx_hal_cortex.o(i.__NVIC_GetPriorityGrouping)
    __NVIC_GetPriorityGrouping               0x08008899   Thumb Code    10  stm32h7xx_hal_cortex.o(i.__NVIC_GetPriorityGrouping)
    i.__NVIC_SetPriority                     0x080088a8   Section        0  stm32h7xx_hal_cortex.o(i.__NVIC_SetPriority)
    __NVIC_SetPriority                       0x080088a9   Thumb Code    32  stm32h7xx_hal_cortex.o(i.__NVIC_SetPriority)
    i._is_digit                              0x080088d0   Section        0  __printf_wp.o(i._is_digit)
    i._sys_exit                              0x080088de   Section        0  usart.o(i._sys_exit)
    i.delay_init                             0x080088e4   Section        0  delay.o(i.delay_init)
    i.delay_ms                               0x080088f8   Section        0  delay.o(i.delay_ms)
    i.delay_us                               0x08008910   Section        0  delay.o(i.delay_us)
    i.fputc                                  0x08008958   Section        0  usart.o(i.fputc)
    i.main                                   0x08008974   Section        0  main.o(i.main)
    i.my_mem_free                            0x08008e48   Section        0  malloc.o(i.my_mem_free)
    i.my_mem_init                            0x08008eb4   Section        0  malloc.o(i.my_mem_init)
    i.my_mem_malloc                          0x08008ee0   Section        0  malloc.o(i.my_mem_malloc)
    i.my_mem_perused                         0x08008f88   Section        0  malloc.o(i.my_mem_perused)
    i.myfree                                 0x08008fc8   Section        0  malloc.o(i.myfree)
    i.mymalloc                               0x08008fec   Section        0  malloc.o(i.mymalloc)
    i.mymemset                               0x08009014   Section        0  malloc.o(i.mymemset)
    i.prvResetNextTaskUnblockTime            0x08009028   Section        0  tasks.o(i.prvResetNextTaskUnblockTime)
    prvResetNextTaskUnblockTime              0x08009029   Thumb Code    42  tasks.o(i.prvResetNextTaskUnblockTime)
    i.uart_init                              0x0800905c   Section        0  usart.o(i.uart_init)
    i.uxListRemove                           0x08009094   Section        0  list.o(i.uxListRemove)
    i.vListInsertEnd                         0x080090bc   Section        0  list.o(i.vListInsertEnd)
    i.vTaskSwitchContext                     0x080090d4   Section        0  tasks.o(i.vTaskSwitchContext)
    i.xPortSysTickHandler                    0x08009134   Section        0  port.o(i.xPortSysTickHandler)
    i.xTaskGetSchedulerState                 0x0800916c   Section        0  tasks.o(i.xTaskGetSchedulerState)
    i.xTaskIncrementTick                     0x0800918c   Section        0  tasks.o(i.xTaskIncrementTick)
    x$fpl$fpinit                             0x080092a8   Section       10  fpinit.o(x$fpl$fpinit)
    $v0                                      0x080092a8   Number         0  fpinit.o(x$fpl$fpinit)
    .constdata                               0x080092b2   Section       64  system_stm32h7xx.o(.constdata)
    UARTPrescTable                           0x080092b2   Data          24  system_stm32h7xx.o(.constdata)
    USARTPrescTable                          0x080092ca   Data          24  system_stm32h7xx.o(.constdata)
    .constdata                               0x080092f2   Section       48  stm32h7xx_hal_uart.o(.constdata)
    UARTPrescTable                           0x080092f2   Data          24  stm32h7xx_hal_uart.o(.constdata)
    USARTPrescTable                          0x0800930a   Data          24  stm32h7xx_hal_uart.o(.constdata)
    .constdata                               0x08009322   Section    18288  lcd.o(.constdata)
    UARTPrescTable                           0x08009322   Data          24  lcd.o(.constdata)
    USARTPrescTable                          0x0800933a   Data          24  lcd.o(.constdata)
    .constdata                               0x0800da94   Section      120  malloc.o(.constdata)
    UARTPrescTable                           0x0800da94   Data          24  malloc.o(.constdata)
    USARTPrescTable                          0x0800daac   Data          24  malloc.o(.constdata)
    .constdata                               0x0800db0c   Section       40  _printf_hex_int.o(.constdata)
    uc_hextab                                0x0800db0c   Data          20  _printf_hex_int.o(.constdata)
    lc_hextab                                0x0800db20   Data          20  _printf_hex_int.o(.constdata)
    .constdata                               0x0800db34   Section       17  __printf_flags_wp.o(.constdata)
    maptable                                 0x0800db34   Data          17  __printf_flags_wp.o(.constdata)
    .conststring                             0x0800db48   Section       69  main.o(.conststring)
    .ARM.__AT_0x20000000                     0x20000000   Section    122880  malloc.o(.ARM.__AT_0x20000000)
    .ARM.__AT_0x2001E000                     0x2001e000   Section     7680  malloc.o(.ARM.__AT_0x2001E000)
    .data                                    0x24000000   Section       24  main.o(.data)
    .data                                    0x24000018   Section        8  system_stm32h7xx.o(.data)
    .data                                    0x24000020   Section        6  delay.o(.data)
    fac_us                                   0x24000020   Data           4  delay.o(.data)
    fac_ms                                   0x24000024   Data           2  delay.o(.data)
    .data                                    0x24000028   Section        7  usart.o(.data)
    .data                                    0x24000030   Section        9  stm32h7xx_hal.o(.data)
    uwTick                                   0x24000030   Data           4  stm32h7xx_hal.o(.data)
    uwTickPrio                               0x24000034   Data           4  stm32h7xx_hal.o(.data)
    uwTickFreq                               0x24000038   Data           1  stm32h7xx_hal.o(.data)
    .data                                    0x24000039   Section        1  key.o(.data)
    key_up                                   0x24000039   Data           1  key.o(.data)
    .data                                    0x2400003c   Section        8  lcd.o(.data)
    .data                                    0x24000044   Section        8  ltdc.o(.data)
    .data                                    0x2400004c   Section       64  malloc.o(.data)
    .data                                    0x2400008c   Section       60  tasks.o(.data)
    pxDelayedTaskList                        0x24000090   Data           4  tasks.o(.data)
    pxOverflowDelayedTaskList                0x24000094   Data           4  tasks.o(.data)
    uxDeletedTasksWaitingCleanUp             0x24000098   Data           4  tasks.o(.data)
    uxCurrentNumberOfTasks                   0x2400009c   Data           4  tasks.o(.data)
    xTickCount                               0x240000a0   Data           4  tasks.o(.data)
    uxTopReadyPriority                       0x240000a4   Data           4  tasks.o(.data)
    xSchedulerRunning                        0x240000a8   Data           4  tasks.o(.data)
    uxPendedTicks                            0x240000ac   Data           4  tasks.o(.data)
    xYieldPending                            0x240000b0   Data           4  tasks.o(.data)
    xNumOfOverflows                          0x240000b4   Data           4  tasks.o(.data)
    uxTaskNumber                             0x240000b8   Data           4  tasks.o(.data)
    xNextTaskUnblockTime                     0x240000bc   Data           4  tasks.o(.data)
    xIdleTaskHandle                          0x240000c0   Data           4  tasks.o(.data)
    uxSchedulerSuspended                     0x240000c4   Data           4  tasks.o(.data)
    .bss                                     0x240000c8   Section      328  usart.o(.bss)
    .bss                                     0x24000210   Section       52  sdram.o(.bss)
    .bss                                     0x24000244   Section       90  lcd.o(.bss)
    .bss                                     0x240002a0   Section      296  ltdc.o(.bss)
    .bss                                     0x24000400   Section    487424  malloc.o(.bss)
    .bss                                     0x24077400   Section      200  tasks.o(.bss)
    pxReadyTasksLists                        0x24077400   Data         100  tasks.o(.bss)
    xDelayedTaskList1                        0x24077464   Data          20  tasks.o(.bss)
    xDelayedTaskList2                        0x24077478   Data          20  tasks.o(.bss)
    xPendingReadyList                        0x2407748c   Data          20  tasks.o(.bss)
    xTasksWaitingTermination                 0x240774a0   Data          20  tasks.o(.bss)
    xSuspendedTaskList                       0x240774b4   Data          20  tasks.o(.bss)
    .bss                                     0x240774c8   Section       96  libspace.o(.bss)
    HEAP                                     0x24077528   Section      512  startup_stm32h743xx.o(HEAP)
    Heap_Mem                                 0x24077528   Data         512  startup_stm32h743xx.o(HEAP)
    STACK                                    0x24077728   Section     1024  startup_stm32h743xx.o(STACK)
    Stack_Mem                                0x24077728   Data        1024  startup_stm32h743xx.o(STACK)
    __initial_sp                             0x24077b28   Data           0  startup_stm32h743xx.o(STACK)
    .ARM.__AT_0x30000000                     0x30000000   Section    245760  malloc.o(.ARM.__AT_0x30000000)
    .ARM.__AT_0x3003C000                     0x3003c000   Section    15360  malloc.o(.ARM.__AT_0x3003C000)
    .ARM.__AT_0x38000000                     0x38000000   Section    61440  malloc.o(.ARM.__AT_0x38000000)
    .ARM.__AT_0x3800F000                     0x3800f000   Section     3840  malloc.o(.ARM.__AT_0x3800F000)
    .ARM.__AT_0xC0000000                     0xc0000000   Section    2048000  ltdc.o(.ARM.__AT_0xC0000000)
    .ARM.__AT_0xC01F4000                     0xc01f4000   Section    29605888  malloc.o(.ARM.__AT_0xC01F4000)
    .ARM.__AT_0xC1E30000                     0xc1e30000   Section    1850368  malloc.o(.ARM.__AT_0xC1E30000)

    Global Symbols

    Symbol Name                              Value     Ov Type        Size  Object(Section)

    BuildAttributes$$THM_ISAv4$E$P$D$K$B$S$7EM$VFPv5_D16$PE$PLD8$A:L22UL41UL21$X:L11$S22US41US21$IEEE1$IW$USESV6$~STKCKD$USESV7$~SHL$OSPACE$ROPI$EBA8$UX$STANDARDLIB$REQ8$PRES8$EABIv2 0x00000000   Number         0  anon$$obj.o ABSOLUTE
    __ARM_use_no_argv                        0x00000000   Number         0  main.o ABSOLUTE
    _printf_flags                            0x00000000   Number         0  printf_stubs.o ABSOLUTE
    _printf_return_value                     0x00000000   Number         0  printf_stubs.o ABSOLUTE
    _printf_sizespec                         0x00000000   Number         0  printf_stubs.o ABSOLUTE
    _printf_widthprec                        0x00000000   Number         0  printf_stubs.o ABSOLUTE
    mem6base                                 0x00000000   Data       61440  malloc.o(.ARM.__AT_0x00000000)
    __ARM_exceptions_init                     - Undefined Weak Reference
    __alloca_initialize                       - Undefined Weak Reference
    __arm_preinit_                            - Undefined Weak Reference
    __cpp_initialize__aeabi_                  - Undefined Weak Reference
    __cxa_finalize                            - Undefined Weak Reference
    __rt_locale                               - Undefined Weak Reference
    __sigvec_lookup                           - Undefined Weak Reference
    _atexit_init                              - Undefined Weak Reference
    _call_atexit_fns                          - Undefined Weak Reference
    _clock_init                               - Undefined Weak Reference
    _fp_trap_init                             - Undefined Weak Reference
    _fp_trap_shutdown                         - Undefined Weak Reference
    _get_lc_collate                           - Undefined Weak Reference
    _get_lc_ctype                             - Undefined Weak Reference
    _get_lc_monetary                          - Undefined Weak Reference
    _get_lc_numeric                           - Undefined Weak Reference
    _get_lc_time                              - Undefined Weak Reference
    _getenv_init                              - Undefined Weak Reference
    _handle_redirection                       - Undefined Weak Reference
    _init_alloc                               - Undefined Weak Reference
    _init_user_alloc                          - Undefined Weak Reference
    _initio                                   - Undefined Weak Reference
    _mutex_acquire                            - Undefined Weak Reference
    _mutex_release                            - Undefined Weak Reference
    _printf_mbtowc                            - Undefined Weak Reference
    _printf_truncate_signed                   - Undefined Weak Reference
    _printf_truncate_unsigned                 - Undefined Weak Reference
    _rand_init                                - Undefined Weak Reference
    _signal_finish                            - Undefined Weak Reference
    _signal_init                              - Undefined Weak Reference
    _terminate_alloc                          - Undefined Weak Reference
    _terminate_user_alloc                     - Undefined Weak Reference
    _terminateio                              - Undefined Weak Reference
    __Vectors_Size                           0x00000298   Number         0  startup_stm32h743xx.o ABSOLUTE
    mem6mapbase                              0x0000f000   Data        3840  malloc.o(.ARM.__AT_0x0000F000)
    __Vectors                                0x08000000   Data           4  startup_stm32h743xx.o(RESET)
    __Vectors_End                            0x08000298   Data           0  startup_stm32h743xx.o(RESET)
    __main                                   0x08000299   Thumb Code     8  __main.o(!!!main)
    __scatterload                            0x080002a1   Thumb Code     0  __scatter.o(!!!scatter)
    __scatterload_rt2                        0x080002a1   Thumb Code    44  __scatter.o(!!!scatter)
    __scatterload_rt2_thumb_only             0x080002a1   Thumb Code     0  __scatter.o(!!!scatter)
    __scatterload_null                       0x080002af   Thumb Code     0  __scatter.o(!!!scatter)
    __scatterload_copy                       0x080002d5   Thumb Code    26  __scatter_copy.o(!!handler_copy)
    __scatterload_zeroinit                   0x080002f1   Thumb Code    28  __scatter_zi.o(!!handler_zi)
    _printf_d                                0x0800030d   Thumb Code     0  _printf_d.o(.ARM.Collect$$_printf_percent$$00000009)
    _printf_percent                          0x0800030d   Thumb Code     0  _printf_percent.o(.ARM.Collect$$_printf_percent$$00000000)
    _printf_x                                0x08000313   Thumb Code     0  _printf_x.o(.ARM.Collect$$_printf_percent$$0000000C)
    _printf_percent_end                      0x08000319   Thumb Code     0  _printf_percent_end.o(.ARM.Collect$$_printf_percent$$00000017)
    __rt_lib_init                            0x0800031d   Thumb Code     0  libinit.o(.ARM.Collect$$libinit$$00000000)
    __rt_lib_init_fp_1                       0x0800031f   Thumb Code     0  libinit2.o(.ARM.Collect$$libinit$$00000001)
    __rt_lib_init_alloca_1                   0x08000323   Thumb Code     0  libinit2.o(.ARM.Collect$$libinit$$0000002E)
    __rt_lib_init_argv_1                     0x08000323   Thumb Code     0  libinit2.o(.ARM.Collect$$libinit$$0000002C)
    __rt_lib_init_atexit_1                   0x08000323   Thumb Code     0  libinit2.o(.ARM.Collect$$libinit$$0000001B)
    __rt_lib_init_clock_1                    0x08000323   Thumb Code     0  libinit2.o(.ARM.Collect$$libinit$$00000021)
    __rt_lib_init_cpp_1                      0x08000323   Thumb Code     0  libinit2.o(.ARM.Collect$$libinit$$00000032)
    __rt_lib_init_exceptions_1               0x08000323   Thumb Code     0  libinit2.o(.ARM.Collect$$libinit$$00000030)
    __rt_lib_init_fp_trap_1                  0x08000323   Thumb Code     0  libinit2.o(.ARM.Collect$$libinit$$0000001F)
    __rt_lib_init_getenv_1                   0x08000323   Thumb Code     0  libinit2.o(.ARM.Collect$$libinit$$00000023)
    __rt_lib_init_heap_1                     0x08000323   Thumb Code     0  libinit2.o(.ARM.Collect$$libinit$$0000000A)
    __rt_lib_init_lc_collate_1               0x08000323   Thumb Code     0  libinit2.o(.ARM.Collect$$libinit$$00000011)
    __rt_lib_init_lc_ctype_1                 0x08000323   Thumb Code     0  libinit2.o(.ARM.Collect$$libinit$$00000013)
    __rt_lib_init_lc_monetary_1              0x08000323   Thumb Code     0  libinit2.o(.ARM.Collect$$libinit$$00000015)
    __rt_lib_init_lc_numeric_1               0x08000323   Thumb Code     0  libinit2.o(.ARM.Collect$$libinit$$00000017)
    __rt_lib_init_lc_time_1                  0x08000323   Thumb Code     0  libinit2.o(.ARM.Collect$$libinit$$00000019)
    __rt_lib_init_preinit_1                  0x08000323   Thumb Code     0  libinit2.o(.ARM.Collect$$libinit$$00000004)
    __rt_lib_init_rand_1                     0x08000323   Thumb Code     0  libinit2.o(.ARM.Collect$$libinit$$0000000E)
    __rt_lib_init_return                     0x08000323   Thumb Code     0  libinit2.o(.ARM.Collect$$libinit$$00000033)
    __rt_lib_init_signal_1                   0x08000323   Thumb Code     0  libinit2.o(.ARM.Collect$$libinit$$0000001D)
    __rt_lib_init_stdio_1                    0x08000323   Thumb Code     0  libinit2.o(.ARM.Collect$$libinit$$00000025)
    __rt_lib_init_user_alloc_1               0x08000323   Thumb Code     0  libinit2.o(.ARM.Collect$$libinit$$0000000C)
    __rt_lib_shutdown                        0x08000325   Thumb Code     0  libshutdown.o(.ARM.Collect$$libshutdown$$00000000)
    __rt_lib_shutdown_cpp_1                  0x08000327   Thumb Code     0  libshutdown2.o(.ARM.Collect$$libshutdown$$00000002)
    __rt_lib_shutdown_fp_trap_1              0x08000327   Thumb Code     0  libshutdown2.o(.ARM.Collect$$libshutdown$$00000007)
    __rt_lib_shutdown_heap_1                 0x08000327   Thumb Code     0  libshutdown2.o(.ARM.Collect$$libshutdown$$0000000F)
    __rt_lib_shutdown_return                 0x08000327   Thumb Code     0  libshutdown2.o(.ARM.Collect$$libshutdown$$00000010)
    __rt_lib_shutdown_signal_1               0x08000327   Thumb Code     0  libshutdown2.o(.ARM.Collect$$libshutdown$$0000000A)
    __rt_lib_shutdown_stdio_1                0x08000327   Thumb Code     0  libshutdown2.o(.ARM.Collect$$libshutdown$$00000004)
    __rt_lib_shutdown_user_alloc_1           0x08000327   Thumb Code     0  libshutdown2.o(.ARM.Collect$$libshutdown$$0000000C)
    __rt_entry                               0x08000329   Thumb Code     0  __rtentry.o(.ARM.Collect$$rtentry$$00000000)
    __rt_entry_presh_1                       0x08000329   Thumb Code     0  __rtentry2.o(.ARM.Collect$$rtentry$$00000002)
    __rt_entry_sh                            0x08000329   Thumb Code     0  __rtentry4.o(.ARM.Collect$$rtentry$$00000004)
    __rt_entry_li                            0x0800032f   Thumb Code     0  __rtentry2.o(.ARM.Collect$$rtentry$$0000000A)
    __rt_entry_postsh_1                      0x0800032f   Thumb Code     0  __rtentry2.o(.ARM.Collect$$rtentry$$00000009)
    __rt_entry_main                          0x08000333   Thumb Code     0  __rtentry2.o(.ARM.Collect$$rtentry$$0000000D)
    __rt_entry_postli_1                      0x08000333   Thumb Code     0  __rtentry2.o(.ARM.Collect$$rtentry$$0000000C)
    __rt_exit                                0x0800033b   Thumb Code     0  rtexit.o(.ARM.Collect$$rtexit$$00000000)
    __rt_exit_ls                             0x0800033d   Thumb Code     0  rtexit2.o(.ARM.Collect$$rtexit$$00000003)
    __rt_exit_prels_1                        0x0800033d   Thumb Code     0  rtexit2.o(.ARM.Collect$$rtexit$$00000002)
    __rt_exit_exit                           0x08000341   Thumb Code     0  rtexit2.o(.ARM.Collect$$rtexit$$00000004)
    SVC_Handler                              0x08000349   Thumb Code    28  port.o(.emb_text)
    __asm___6_port_c_39a90d8d__prvStartFirstTask 0x08000369   Thumb Code    28  port.o(.emb_text)
    __asm___6_port_c_39a90d8d__prvEnableVFP  0x08000389   Thumb Code    16  port.o(.emb_text)
    PendSV_Handler                           0x0800039d   Thumb Code    92  port.o(.emb_text)
    vPortGetIPSR                             0x080003fd   Thumb Code     6  port.o(.emb_text)
    Reset_Handler                            0x08000405   Thumb Code     8  startup_stm32h743xx.o(.text)
    MemManage_Handler                        0x08000411   Thumb Code     2  startup_stm32h743xx.o(.text)
    ADC3_IRQHandler                          0x0800041f   Thumb Code     0  startup_stm32h743xx.o(.text)
    ADC_IRQHandler                           0x0800041f   Thumb Code     0  startup_stm32h743xx.o(.text)
    BDMA_Channel0_IRQHandler                 0x0800041f   Thumb Code     0  startup_stm32h743xx.o(.text)
    BDMA_Channel1_IRQHandler                 0x0800041f   Thumb Code     0  startup_stm32h743xx.o(.text)
    BDMA_Channel2_IRQHandler                 0x0800041f   Thumb Code     0  startup_stm32h743xx.o(.text)
    BDMA_Channel3_IRQHandler                 0x0800041f   Thumb Code     0  startup_stm32h743xx.o(.text)
    BDMA_Channel4_IRQHandler                 0x0800041f   Thumb Code     0  startup_stm32h743xx.o(.text)
    BDMA_Channel5_IRQHandler                 0x0800041f   Thumb Code     0  startup_stm32h743xx.o(.text)
    BDMA_Channel6_IRQHandler                 0x0800041f   Thumb Code     0  startup_stm32h743xx.o(.text)
    BDMA_Channel7_IRQHandler                 0x0800041f   Thumb Code     0  startup_stm32h743xx.o(.text)
    CEC_IRQHandler                           0x0800041f   Thumb Code     0  startup_stm32h743xx.o(.text)
    COMP1_IRQHandler                         0x0800041f   Thumb Code     0  startup_stm32h743xx.o(.text)
    CRS_IRQHandler                           0x0800041f   Thumb Code     0  startup_stm32h743xx.o(.text)
    DCMI_IRQHandler                          0x0800041f   Thumb Code     0  startup_stm32h743xx.o(.text)
    DFSDM1_FLT0_IRQHandler                   0x0800041f   Thumb Code     0  startup_stm32h743xx.o(.text)
    DFSDM1_FLT1_IRQHandler                   0x0800041f   Thumb Code     0  startup_stm32h743xx.o(.text)
    DFSDM1_FLT2_IRQHandler                   0x0800041f   Thumb Code     0  startup_stm32h743xx.o(.text)
    DFSDM1_FLT3_IRQHandler                   0x0800041f   Thumb Code     0  startup_stm32h743xx.o(.text)
    DMA1_Stream0_IRQHandler                  0x0800041f   Thumb Code     0  startup_stm32h743xx.o(.text)
    DMA1_Stream1_IRQHandler                  0x0800041f   Thumb Code     0  startup_stm32h743xx.o(.text)
    DMA1_Stream2_IRQHandler                  0x0800041f   Thumb Code     0  startup_stm32h743xx.o(.text)
    DMA1_Stream3_IRQHandler                  0x0800041f   Thumb Code     0  startup_stm32h743xx.o(.text)
    DMA1_Stream4_IRQHandler                  0x0800041f   Thumb Code     0  startup_stm32h743xx.o(.text)
    DMA1_Stream5_IRQHandler                  0x0800041f   Thumb Code     0  startup_stm32h743xx.o(.text)
    DMA1_Stream6_IRQHandler                  0x0800041f   Thumb Code     0  startup_stm32h743xx.o(.text)
    DMA1_Stream7_IRQHandler                  0x0800041f   Thumb Code     0  startup_stm32h743xx.o(.text)
    DMA2D_IRQHandler                         0x0800041f   Thumb Code     0  startup_stm32h743xx.o(.text)
    DMA2_Stream0_IRQHandler                  0x0800041f   Thumb Code     0  startup_stm32h743xx.o(.text)
    DMA2_Stream1_IRQHandler                  0x0800041f   Thumb Code     0  startup_stm32h743xx.o(.text)
    DMA2_Stream2_IRQHandler                  0x0800041f   Thumb Code     0  startup_stm32h743xx.o(.text)
    DMA2_Stream3_IRQHandler                  0x0800041f   Thumb Code     0  startup_stm32h743xx.o(.text)
    DMA2_Stream4_IRQHandler                  0x0800041f   Thumb Code     0  startup_stm32h743xx.o(.text)
    DMA2_Stream5_IRQHandler                  0x0800041f   Thumb Code     0  startup_stm32h743xx.o(.text)
    DMA2_Stream6_IRQHandler                  0x0800041f   Thumb Code     0  startup_stm32h743xx.o(.text)
    DMA2_Stream7_IRQHandler                  0x0800041f   Thumb Code     0  startup_stm32h743xx.o(.text)
    DMAMUX1_OVR_IRQHandler                   0x0800041f   Thumb Code     0  startup_stm32h743xx.o(.text)
    DMAMUX2_OVR_IRQHandler                   0x0800041f   Thumb Code     0  startup_stm32h743xx.o(.text)
    ETH_IRQHandler                           0x0800041f   Thumb Code     0  startup_stm32h743xx.o(.text)
    ETH_WKUP_IRQHandler                      0x0800041f   Thumb Code     0  startup_stm32h743xx.o(.text)
    EXTI0_IRQHandler                         0x0800041f   Thumb Code     0  startup_stm32h743xx.o(.text)
    EXTI15_10_IRQHandler                     0x0800041f   Thumb Code     0  startup_stm32h743xx.o(.text)
    EXTI1_IRQHandler                         0x0800041f   Thumb Code     0  startup_stm32h743xx.o(.text)
    EXTI2_IRQHandler                         0x0800041f   Thumb Code     0  startup_stm32h743xx.o(.text)
    EXTI3_IRQHandler                         0x0800041f   Thumb Code     0  startup_stm32h743xx.o(.text)
    EXTI4_IRQHandler                         0x0800041f   Thumb Code     0  startup_stm32h743xx.o(.text)
    EXTI9_5_IRQHandler                       0x0800041f   Thumb Code     0  startup_stm32h743xx.o(.text)
    FDCAN1_IT0_IRQHandler                    0x0800041f   Thumb Code     0  startup_stm32h743xx.o(.text)
    FDCAN1_IT1_IRQHandler                    0x0800041f   Thumb Code     0  startup_stm32h743xx.o(.text)
    FDCAN2_IT0_IRQHandler                    0x0800041f   Thumb Code     0  startup_stm32h743xx.o(.text)
    FDCAN2_IT1_IRQHandler                    0x0800041f   Thumb Code     0  startup_stm32h743xx.o(.text)
    FDCAN_CAL_IRQHandler                     0x0800041f   Thumb Code     0  startup_stm32h743xx.o(.text)
    FLASH_IRQHandler                         0x0800041f   Thumb Code     0  startup_stm32h743xx.o(.text)
    FMC_IRQHandler                           0x0800041f   Thumb Code     0  startup_stm32h743xx.o(.text)
    FPU_IRQHandler                           0x0800041f   Thumb Code     0  startup_stm32h743xx.o(.text)
    HRTIM1_FLT_IRQHandler                    0x0800041f   Thumb Code     0  startup_stm32h743xx.o(.text)
    HRTIM1_Master_IRQHandler                 0x0800041f   Thumb Code     0  startup_stm32h743xx.o(.text)
    HRTIM1_TIMA_IRQHandler                   0x0800041f   Thumb Code     0  startup_stm32h743xx.o(.text)
    HRTIM1_TIMB_IRQHandler                   0x0800041f   Thumb Code     0  startup_stm32h743xx.o(.text)
    HRTIM1_TIMC_IRQHandler                   0x0800041f   Thumb Code     0  startup_stm32h743xx.o(.text)
    HRTIM1_TIMD_IRQHandler                   0x0800041f   Thumb Code     0  startup_stm32h743xx.o(.text)
    HRTIM1_TIME_IRQHandler                   0x0800041f   Thumb Code     0  startup_stm32h743xx.o(.text)
    HSEM1_IRQHandler                         0x0800041f   Thumb Code     0  startup_stm32h743xx.o(.text)
    I2C1_ER_IRQHandler                       0x0800041f   Thumb Code     0  startup_stm32h743xx.o(.text)
    I2C1_EV_IRQHandler                       0x0800041f   Thumb Code     0  startup_stm32h743xx.o(.text)
    I2C2_ER_IRQHandler                       0x0800041f   Thumb Code     0  startup_stm32h743xx.o(.text)
    I2C2_EV_IRQHandler                       0x0800041f   Thumb Code     0  startup_stm32h743xx.o(.text)
    I2C3_ER_IRQHandler                       0x0800041f   Thumb Code     0  startup_stm32h743xx.o(.text)
    I2C3_EV_IRQHandler                       0x0800041f   Thumb Code     0  startup_stm32h743xx.o(.text)
    I2C4_ER_IRQHandler                       0x0800041f   Thumb Code     0  startup_stm32h743xx.o(.text)
    I2C4_EV_IRQHandler                       0x0800041f   Thumb Code     0  startup_stm32h743xx.o(.text)
    JPEG_IRQHandler                          0x0800041f   Thumb Code     0  startup_stm32h743xx.o(.text)
    LPTIM1_IRQHandler                        0x0800041f   Thumb Code     0  startup_stm32h743xx.o(.text)
    LPTIM2_IRQHandler                        0x0800041f   Thumb Code     0  startup_stm32h743xx.o(.text)
    LPTIM3_IRQHandler                        0x0800041f   Thumb Code     0  startup_stm32h743xx.o(.text)
    LPTIM4_IRQHandler                        0x0800041f   Thumb Code     0  startup_stm32h743xx.o(.text)
    LPTIM5_IRQHandler                        0x0800041f   Thumb Code     0  startup_stm32h743xx.o(.text)
    LPUART1_IRQHandler                       0x0800041f   Thumb Code     0  startup_stm32h743xx.o(.text)
    LTDC_ER_IRQHandler                       0x0800041f   Thumb Code     0  startup_stm32h743xx.o(.text)
    LTDC_IRQHandler                          0x0800041f   Thumb Code     0  startup_stm32h743xx.o(.text)
    MDIOS_IRQHandler                         0x0800041f   Thumb Code     0  startup_stm32h743xx.o(.text)
    MDIOS_WKUP_IRQHandler                    0x0800041f   Thumb Code     0  startup_stm32h743xx.o(.text)
    MDMA_IRQHandler                          0x0800041f   Thumb Code     0  startup_stm32h743xx.o(.text)
    OTG_FS_EP1_IN_IRQHandler                 0x0800041f   Thumb Code     0  startup_stm32h743xx.o(.text)
    OTG_FS_EP1_OUT_IRQHandler                0x0800041f   Thumb Code     0  startup_stm32h743xx.o(.text)
    OTG_FS_IRQHandler                        0x0800041f   Thumb Code     0  startup_stm32h743xx.o(.text)
    OTG_FS_WKUP_IRQHandler                   0x0800041f   Thumb Code     0  startup_stm32h743xx.o(.text)
    OTG_HS_EP1_IN_IRQHandler                 0x0800041f   Thumb Code     0  startup_stm32h743xx.o(.text)
    OTG_HS_EP1_OUT_IRQHandler                0x0800041f   Thumb Code     0  startup_stm32h743xx.o(.text)
    OTG_HS_IRQHandler                        0x0800041f   Thumb Code     0  startup_stm32h743xx.o(.text)
    OTG_HS_WKUP_IRQHandler                   0x0800041f   Thumb Code     0  startup_stm32h743xx.o(.text)
    PVD_AVD_IRQHandler                       0x0800041f   Thumb Code     0  startup_stm32h743xx.o(.text)
    QUADSPI_IRQHandler                       0x0800041f   Thumb Code     0  startup_stm32h743xx.o(.text)
    RCC_IRQHandler                           0x0800041f   Thumb Code     0  startup_stm32h743xx.o(.text)
    RNG_IRQHandler                           0x0800041f   Thumb Code     0  startup_stm32h743xx.o(.text)
    RTC_Alarm_IRQHandler                     0x0800041f   Thumb Code     0  startup_stm32h743xx.o(.text)
    RTC_WKUP_IRQHandler                      0x0800041f   Thumb Code     0  startup_stm32h743xx.o(.text)
    SAI1_IRQHandler                          0x0800041f   Thumb Code     0  startup_stm32h743xx.o(.text)
    SAI2_IRQHandler                          0x0800041f   Thumb Code     0  startup_stm32h743xx.o(.text)
    SAI3_IRQHandler                          0x0800041f   Thumb Code     0  startup_stm32h743xx.o(.text)
    SAI4_IRQHandler                          0x0800041f   Thumb Code     0  startup_stm32h743xx.o(.text)
    SDMMC1_IRQHandler                        0x0800041f   Thumb Code     0  startup_stm32h743xx.o(.text)
    SDMMC2_IRQHandler                        0x0800041f   Thumb Code     0  startup_stm32h743xx.o(.text)
    SPDIF_RX_IRQHandler                      0x0800041f   Thumb Code     0  startup_stm32h743xx.o(.text)
    SPI1_IRQHandler                          0x0800041f   Thumb Code     0  startup_stm32h743xx.o(.text)
    SPI2_IRQHandler                          0x0800041f   Thumb Code     0  startup_stm32h743xx.o(.text)
    SPI3_IRQHandler                          0x0800041f   Thumb Code     0  startup_stm32h743xx.o(.text)
    SPI4_IRQHandler                          0x0800041f   Thumb Code     0  startup_stm32h743xx.o(.text)
    SPI5_IRQHandler                          0x0800041f   Thumb Code     0  startup_stm32h743xx.o(.text)
    SPI6_IRQHandler                          0x0800041f   Thumb Code     0  startup_stm32h743xx.o(.text)
    SWPMI1_IRQHandler                        0x0800041f   Thumb Code     0  startup_stm32h743xx.o(.text)
    TAMP_STAMP_IRQHandler                    0x0800041f   Thumb Code     0  startup_stm32h743xx.o(.text)
    TIM15_IRQHandler                         0x0800041f   Thumb Code     0  startup_stm32h743xx.o(.text)
    TIM16_IRQHandler                         0x0800041f   Thumb Code     0  startup_stm32h743xx.o(.text)
    TIM17_IRQHandler                         0x0800041f   Thumb Code     0  startup_stm32h743xx.o(.text)
    TIM1_BRK_IRQHandler                      0x0800041f   Thumb Code     0  startup_stm32h743xx.o(.text)
    TIM1_CC_IRQHandler                       0x0800041f   Thumb Code     0  startup_stm32h743xx.o(.text)
    TIM1_TRG_COM_IRQHandler                  0x0800041f   Thumb Code     0  startup_stm32h743xx.o(.text)
    TIM1_UP_IRQHandler                       0x0800041f   Thumb Code     0  startup_stm32h743xx.o(.text)
    TIM2_IRQHandler                          0x0800041f   Thumb Code     0  startup_stm32h743xx.o(.text)
    TIM3_IRQHandler                          0x0800041f   Thumb Code     0  startup_stm32h743xx.o(.text)
    TIM4_IRQHandler                          0x0800041f   Thumb Code     0  startup_stm32h743xx.o(.text)
    TIM5_IRQHandler                          0x0800041f   Thumb Code     0  startup_stm32h743xx.o(.text)
    TIM6_DAC_IRQHandler                      0x0800041f   Thumb Code     0  startup_stm32h743xx.o(.text)
    TIM7_IRQHandler                          0x0800041f   Thumb Code     0  startup_stm32h743xx.o(.text)
    TIM8_BRK_TIM12_IRQHandler                0x0800041f   Thumb Code     0  startup_stm32h743xx.o(.text)
    TIM8_CC_IRQHandler                       0x0800041f   Thumb Code     0  startup_stm32h743xx.o(.text)
    TIM8_TRG_COM_TIM14_IRQHandler            0x0800041f   Thumb Code     0  startup_stm32h743xx.o(.text)
    TIM8_UP_TIM13_IRQHandler                 0x0800041f   Thumb Code     0  startup_stm32h743xx.o(.text)
    UART4_IRQHandler                         0x0800041f   Thumb Code     0  startup_stm32h743xx.o(.text)
    UART5_IRQHandler                         0x0800041f   Thumb Code     0  startup_stm32h743xx.o(.text)
    UART7_IRQHandler                         0x0800041f   Thumb Code     0  startup_stm32h743xx.o(.text)
    UART8_IRQHandler                         0x0800041f   Thumb Code     0  startup_stm32h743xx.o(.text)
    USART2_IRQHandler                        0x0800041f   Thumb Code     0  startup_stm32h743xx.o(.text)
    USART3_IRQHandler                        0x0800041f   Thumb Code     0  startup_stm32h743xx.o(.text)
    USART6_IRQHandler                        0x0800041f   Thumb Code     0  startup_stm32h743xx.o(.text)
    WAKEUP_PIN_IRQHandler                    0x0800041f   Thumb Code     0  startup_stm32h743xx.o(.text)
    WWDG_IRQHandler                          0x0800041f   Thumb Code     0  startup_stm32h743xx.o(.text)
    __user_initial_stackheap                 0x08000421   Thumb Code     0  startup_stm32h743xx.o(.text)
    __aeabi_uldivmod                         0x08000445   Thumb Code     0  lludivv7m.o(.text)
    _ll_udiv                                 0x08000445   Thumb Code   238  lludivv7m.o(.text)
    __2printf                                0x08000535   Thumb Code    20  noretval__2printf.o(.text)
    __2sprintf                               0x0800054d   Thumb Code    34  noretval__2sprintf.o(.text)
    _printf_pre_padding                      0x08000575   Thumb Code    44  _printf_pad.o(.text)
    _printf_post_padding                     0x080005a1   Thumb Code    34  _printf_pad.o(.text)
    _printf_int_dec                          0x080005c5   Thumb Code   104  _printf_dec.o(.text)
    _printf_int_hex                          0x0800063d   Thumb Code    84  _printf_hex_int.o(.text)
    _printf_longlong_hex                     0x0800063d   Thumb Code     0  _printf_hex_int.o(.text)
    __printf                                 0x08000695   Thumb Code   308  __printf_flags_wp.o(.text)
    __aeabi_memcpy4                          0x080007cd   Thumb Code     0  rt_memcpy_w.o(.text)
    __aeabi_memcpy8                          0x080007cd   Thumb Code     0  rt_memcpy_w.o(.text)
    __rt_memcpy_w                            0x080007cd   Thumb Code   100  rt_memcpy_w.o(.text)
    _memcpy_lastbytes_aligned                0x08000815   Thumb Code     0  rt_memcpy_w.o(.text)
    __use_two_region_memory                  0x08000831   Thumb Code     2  heapauxi.o(.text)
    __rt_heap_escrow$2region                 0x08000833   Thumb Code     2  heapauxi.o(.text)
    __rt_heap_expand$2region                 0x08000835   Thumb Code     2  heapauxi.o(.text)
    _printf_int_common                       0x08000837   Thumb Code   178  _printf_intcommon.o(.text)
    _printf_char_common                      0x080008f3   Thumb Code    32  _printf_char_common.o(.text)
    _sputc                                   0x08000919   Thumb Code    10  _sputc.o(.text)
    _printf_char_file                        0x08000925   Thumb Code    32  _printf_char_file.o(.text)
    ferror                                   0x08000949   Thumb Code     8  ferror.o(.text)
    __user_setup_stackheap                   0x08000951   Thumb Code    74  sys_stackheap_outer.o(.text)
    exit                                     0x0800099b   Thumb Code    18  exit.o(.text)
    __user_libspace                          0x080009ad   Thumb Code     8  libspace.o(.text)
    __user_perproc_libspace                  0x080009ad   Thumb Code     0  libspace.o(.text)
    __user_perthread_libspace                0x080009ad   Thumb Code     0  libspace.o(.text)
    BusFault_Handler                         0x080009b5   Thumb Code     4  stm32h7xx_it.o(i.BusFault_Handler)
    Cache_Enable                             0x080009b9   Thumb Code    24  sys.o(i.Cache_Enable)
    DebugMon_Handler                         0x080009d5   Thumb Code     2  stm32h7xx_it.o(i.DebugMon_Handler)
    FMC_NORSRAM_Extended_Timing_Init         0x080009d9   Thumb Code    66  stm32h7xx_ll_fmc.o(i.FMC_NORSRAM_Extended_Timing_Init)
    FMC_NORSRAM_Init                         0x08000a21   Thumb Code   124  stm32h7xx_ll_fmc.o(i.FMC_NORSRAM_Init)
    FMC_NORSRAM_Timing_Init                  0x08000aa1   Thumb Code    94  stm32h7xx_ll_fmc.o(i.FMC_NORSRAM_Timing_Init)
    FMC_SDRAM_Init                           0x08000aff   Thumb Code   116  stm32h7xx_ll_fmc.o(i.FMC_SDRAM_Init)
    FMC_SDRAM_ProgramRefreshRate             0x08000b73   Thumb Code    14  stm32h7xx_ll_fmc.o(i.FMC_SDRAM_ProgramRefreshRate)
    FMC_SDRAM_SendCommand                    0x08000b81   Thumb Code    38  stm32h7xx_ll_fmc.o(i.FMC_SDRAM_SendCommand)
    FMC_SDRAM_Timing_Init                    0x08000ba9   Thumb Code   152  stm32h7xx_ll_fmc.o(i.FMC_SDRAM_Timing_Init)
    HAL_DMA_Abort_IT                         0x08000c45   Thumb Code   236  stm32h7xx_hal_dma.o(i.HAL_DMA_Abort_IT)
    HAL_EnableCompensationCell               0x08000d3d   Thumb Code    14  stm32h7xx_hal.o(i.HAL_EnableCompensationCell)
    HAL_GPIO_Init                            0x08000d51   Thumb Code   534  stm32h7xx_hal_gpio.o(i.HAL_GPIO_Init)
    HAL_GPIO_ReadPin                         0x08000f9d   Thumb Code    16  stm32h7xx_hal_gpio.o(i.HAL_GPIO_ReadPin)
    HAL_GPIO_TogglePin                       0x08000fad   Thumb Code     8  stm32h7xx_hal_gpio.o(i.HAL_GPIO_TogglePin)
    HAL_GPIO_WritePin                        0x08000fb5   Thumb Code    10  stm32h7xx_hal_gpio.o(i.HAL_GPIO_WritePin)
    HAL_GetTick                              0x08000fc1   Thumb Code     6  stm32h7xx_hal.o(i.HAL_GetTick)
    HAL_IncTick                              0x08000fcd   Thumb Code    16  stm32h7xx_hal.o(i.HAL_IncTick)
    HAL_Init                                 0x08000fe5   Thumb Code    28  stm32h7xx_hal.o(i.HAL_Init)
    HAL_InitTick                             0x08001001   Thumb Code    64  stm32h7xx_hal.o(i.HAL_InitTick)
    HAL_LTDC_ConfigLayer                     0x0800104d   Thumb Code    94  stm32h7xx_hal_ltdc.o(i.HAL_LTDC_ConfigLayer)
    HAL_LTDC_Init                            0x080010ad   Thumb Code   278  stm32h7xx_hal_ltdc.o(i.HAL_LTDC_Init)
    HAL_LTDC_MspInit                         0x080011c9   Thumb Code   300  ltdc.o(i.HAL_LTDC_MspInit)
    HAL_LTDC_SetWindowPosition               0x0800130d   Thumb Code   108  stm32h7xx_hal_ltdc.o(i.HAL_LTDC_SetWindowPosition)
    HAL_LTDC_SetWindowSize                   0x08001379   Thumb Code   108  stm32h7xx_hal_ltdc.o(i.HAL_LTDC_SetWindowSize)
    HAL_MPU_ConfigRegion                     0x080013e5   Thumb Code    88  stm32h7xx_hal_cortex.o(i.HAL_MPU_ConfigRegion)
    HAL_MPU_Disable                          0x08001441   Thumb Code    38  stm32h7xx_hal_cortex.o(i.HAL_MPU_Disable)
    HAL_MPU_Enable                           0x0800146d   Thumb Code    58  stm32h7xx_hal_cortex.o(i.HAL_MPU_Enable)
    HAL_MspInit                              0x080014ad   Thumb Code     2  stm32h7xx_hal_msp.o(i.HAL_MspInit)
    HAL_NVIC_EnableIRQ                       0x080014af   Thumb Code    32  stm32h7xx_hal_cortex.o(i.HAL_NVIC_EnableIRQ)
    HAL_NVIC_SetPriority                     0x080014cf   Thumb Code   122  stm32h7xx_hal_cortex.o(i.HAL_NVIC_SetPriority)
    HAL_NVIC_SetPriorityGrouping             0x08001549   Thumb Code    32  stm32h7xx_hal_cortex.o(i.HAL_NVIC_SetPriorityGrouping)
    HAL_RCCEx_GetD1SysClockFreq              0x08001571   Thumb Code    44  stm32h7xx_hal_rcc_ex.o(i.HAL_RCCEx_GetD1SysClockFreq)
    HAL_RCCEx_GetD3PCLK1Freq                 0x080015a9   Thumb Code    34  stm32h7xx_hal_rcc_ex.o(i.HAL_RCCEx_GetD3PCLK1Freq)
    HAL_RCCEx_GetPLL2ClockFreq               0x080015d5   Thumb Code   532  stm32h7xx_hal_rcc_ex.o(i.HAL_RCCEx_GetPLL2ClockFreq)
    HAL_RCCEx_GetPLL3ClockFreq               0x08001801   Thumb Code   532  stm32h7xx_hal_rcc_ex.o(i.HAL_RCCEx_GetPLL3ClockFreq)
    HAL_RCCEx_PeriphCLKConfig                0x08001a2d   Thumb Code  2868  stm32h7xx_hal_rcc_ex.o(i.HAL_RCCEx_PeriphCLKConfig)
    HAL_RCC_ClockConfig                      0x08002565   Thumb Code   574  stm32h7xx_hal_rcc.o(i.HAL_RCC_ClockConfig)
    HAL_RCC_GetHCLKFreq                      0x080027b5   Thumb Code    42  stm32h7xx_hal_rcc.o(i.HAL_RCC_GetHCLKFreq)
    HAL_RCC_GetPCLK1Freq                     0x080027ed   Thumb Code    34  stm32h7xx_hal_rcc.o(i.HAL_RCC_GetPCLK1Freq)
    HAL_RCC_GetPCLK2Freq                     0x08002819   Thumb Code    36  stm32h7xx_hal_rcc.o(i.HAL_RCC_GetPCLK2Freq)
    HAL_RCC_GetSysClockFreq                  0x08002845   Thumb Code   556  stm32h7xx_hal_rcc.o(i.HAL_RCC_GetSysClockFreq)
    HAL_RCC_OscConfig                        0x08002a89   Thumb Code  1724  stm32h7xx_hal_rcc.o(i.HAL_RCC_OscConfig)
    HAL_SDRAM_Init                           0x0800314d   Thumb Code    76  stm32h7xx_hal_sdram.o(i.HAL_SDRAM_Init)
    HAL_SDRAM_MspInit                        0x0800319d   Thumb Code   290  sdram.o(i.HAL_SDRAM_MspInit)
    HAL_SDRAM_ProgramRefreshRate             0x080032d9   Thumb Code    40  stm32h7xx_hal_sdram.o(i.HAL_SDRAM_ProgramRefreshRate)
    HAL_SDRAM_SendCommand                    0x08003301   Thumb Code    58  stm32h7xx_hal_sdram.o(i.HAL_SDRAM_SendCommand)
    HAL_SRAM_Init                            0x0800333d   Thumb Code   100  stm32h7xx_hal_sram.o(i.HAL_SRAM_Init)
    HAL_SRAM_MspInit                         0x080033a5   Thumb Code   140  lcd.o(i.HAL_SRAM_MspInit)
    HAL_SYSTICK_CLKSourceConfig              0x0800343d   Thumb Code    40  stm32h7xx_hal_cortex.o(i.HAL_SYSTICK_CLKSourceConfig)
    HAL_SYSTICK_Config                       0x08003465   Thumb Code    52  stm32h7xx_hal_cortex.o(i.HAL_SYSTICK_Config)
    HAL_UARTEx_WakeupCallback                0x08003499   Thumb Code     2  stm32h7xx_hal_uart_ex.o(i.HAL_UARTEx_WakeupCallback)
    HAL_UART_ErrorCallback                   0x0800349b   Thumb Code     2  stm32h7xx_hal_uart.o(i.HAL_UART_ErrorCallback)
    HAL_UART_GetState                        0x0800349d   Thumb Code    20  stm32h7xx_hal_uart.o(i.HAL_UART_GetState)
    HAL_UART_IRQHandler                      0x080034b1   Thumb Code   434  stm32h7xx_hal_uart.o(i.HAL_UART_IRQHandler)
    HAL_UART_Init                            0x0800366d   Thumb Code   120  stm32h7xx_hal_uart.o(i.HAL_UART_Init)
    HAL_UART_MspInit                         0x080036e5   Thumb Code   138  usart.o(i.HAL_UART_MspInit)
    HAL_UART_Receive_IT                      0x0800377d   Thumb Code   224  stm32h7xx_hal_uart.o(i.HAL_UART_Receive_IT)
    HAL_UART_RxCpltCallback                  0x0800385d   Thumb Code   120  usart.o(i.HAL_UART_RxCpltCallback)
    HAL_UART_TxCpltCallback                  0x080038e5   Thumb Code     2  stm32h7xx_hal_uart.o(i.HAL_UART_TxCpltCallback)
    HardFault_Handler                        0x080038e7   Thumb Code     4  stm32h7xx_it.o(i.HardFault_Handler)
    KEY_Init                                 0x080038ed   Thumb Code   150  key.o(i.KEY_Init)
    KEY_Scan                                 0x08003995   Thumb Code   192  key.o(i.KEY_Scan)
    LCD_Clear                                0x08003a65   Thumb Code    58  lcd.o(i.LCD_Clear)
    LCD_Display_Dir                          0x08003aad   Thumb Code   400  lcd.o(i.LCD_Display_Dir)
    LCD_Fast_DrawPoint                       0x08003c45   Thumb Code   290  lcd.o(i.LCD_Fast_DrawPoint)
    LCD_Fill                                 0x08003d75   Thumb Code   104  lcd.o(i.LCD_Fill)
    LCD_Init                                 0x08003de5   Thumb Code  9934  lcd.o(i.LCD_Init)
    LCD_MPU_Config                           0x080064c5   Thumb Code    80  lcd.o(i.LCD_MPU_Config)
    LCD_RD_DATA                              0x08006515   Thumb Code    14  lcd.o(i.LCD_RD_DATA)
    LCD_SSD_BackLightSet                     0x08006529   Thumb Code    72  lcd.o(i.LCD_SSD_BackLightSet)
    LCD_Scan_Dir                             0x08006579   Thumb Code   636  lcd.o(i.LCD_Scan_Dir)
    LCD_SetCursor                            0x080067f9   Thumb Code   318  lcd.o(i.LCD_SetCursor)
    LCD_ShowChar                             0x0800693d   Thumb Code   288  lcd.o(i.LCD_ShowChar)
    LCD_ShowString                           0x08006a79   Thumb Code   102  lcd.o(i.LCD_ShowString)
    LCD_WR_DATA                              0x08006ae1   Thumb Code    18  lcd.o(i.LCD_WR_DATA)
    LCD_WR_REG                               0x08006af9   Thumb Code    18  lcd.o(i.LCD_WR_REG)
    LCD_WriteRAM_Prepare                     0x08006b11   Thumb Code    10  lcd.o(i.LCD_WriteRAM_Prepare)
    LCD_WriteReg                             0x08006b25   Thumb Code    10  lcd.o(i.LCD_WriteReg)
    LED_Init                                 0x08006b35   Thumb Code    78  led.o(i.LED_Init)
    LTDC_Clear                               0x08006b8d   Thumb Code    32  ltdc.o(i.LTDC_Clear)
    LTDC_Clk_Set                             0x08006bb1   Thumb Code    46  ltdc.o(i.LTDC_Clk_Set)
    LTDC_Display_Dir                         0x08006be1   Thumb Code    40  ltdc.o(i.LTDC_Display_Dir)
    LTDC_Draw_Point                          0x08006c0d   Thumb Code    70  ltdc.o(i.LTDC_Draw_Point)
    LTDC_Fill                                0x08006c5d   Thumb Code   310  ltdc.o(i.LTDC_Fill)
    LTDC_Init                                0x08006da5   Thumb Code  1040  ltdc.o(i.LTDC_Init)
    LTDC_Layer_Parameter_Config              0x080071b5   Thumb Code   114  ltdc.o(i.LTDC_Layer_Parameter_Config)
    LTDC_Layer_Window_Config                 0x08007231   Thumb Code    44  ltdc.o(i.LTDC_Layer_Window_Config)
    LTDC_PanelID_Read                        0x08007261   Thumb Code   198  ltdc.o(i.LTDC_PanelID_Read)
    LTDC_Select_Layer                        0x08007335   Thumb Code     6  ltdc.o(i.LTDC_Select_Layer)
    NMI_Handler                              0x08007553   Thumb Code     2  stm32h7xx_it.o(i.NMI_Handler)
    SDRAM_Init                               0x080078cd   Thumb Code    94  sdram.o(i.SDRAM_Init)
    SDRAM_Initialization_Sequence            0x08007935   Thumb Code    78  sdram.o(i.SDRAM_Initialization_Sequence)
    SDRAM_Send_Cmd                           0x08007989   Thumb Code    68  sdram.o(i.SDRAM_Send_Cmd)
    Stm32_Clock_Init                         0x080079d1   Thumb Code   238  sys.o(i.Stm32_Clock_Init)
    SysTick_Handler                          0x08007ac9   Thumb Code    20  delay.o(i.SysTick_Handler)
    SystemInit                               0x08007add   Thumb Code   130  system_stm32h7xx.o(i.SystemInit)
    UART_AdvFeatureConfig                    0x08007b71   Thumb Code   234  stm32h7xx_hal_uart.o(i.UART_AdvFeatureConfig)
    UART_CheckIdleState                      0x08007c5b   Thumb Code   116  stm32h7xx_hal_uart.o(i.UART_CheckIdleState)
    UART_SetConfig                           0x08007db1   Thumb Code  2452  stm32h7xx_hal_uart.o(i.UART_SetConfig)
    UART_WaitOnFlagUntilTimeout              0x080087d7   Thumb Code   108  stm32h7xx_hal_uart.o(i.UART_WaitOnFlagUntilTimeout)
    USART1_IRQHandler                        0x08008845   Thumb Code    66  usart.o(i.USART1_IRQHandler)
    UsageFault_Handler                       0x08008895   Thumb Code     4  stm32h7xx_it.o(i.UsageFault_Handler)
    _is_digit                                0x080088d1   Thumb Code    14  __printf_wp.o(i._is_digit)
    _sys_exit                                0x080088df   Thumb Code     4  usart.o(i._sys_exit)
    delay_init                               0x080088e5   Thumb Code    16  delay.o(i.delay_init)
    delay_ms                                 0x080088f9   Thumb Code    24  delay.o(i.delay_ms)
    delay_us                                 0x08008911   Thumb Code    68  delay.o(i.delay_us)
    fputc                                    0x08008959   Thumb Code    22  usart.o(i.fputc)
    main                                     0x08008975   Thumb Code   960  main.o(i.main)
    my_mem_free                              0x08008e49   Thumb Code    96  malloc.o(i.my_mem_free)
    my_mem_init                              0x08008eb5   Thumb Code    34  malloc.o(i.my_mem_init)
    my_mem_malloc                            0x08008ee1   Thumb Code   156  malloc.o(i.my_mem_malloc)
    my_mem_perused                           0x08008f89   Thumb Code    56  malloc.o(i.my_mem_perused)
    myfree                                   0x08008fc9   Thumb Code    30  malloc.o(i.myfree)
    mymalloc                                 0x08008fed   Thumb Code    34  malloc.o(i.mymalloc)
    mymemset                                 0x08009015   Thumb Code    20  malloc.o(i.mymemset)
    uart_init                                0x0800905d   Thumb Code    44  usart.o(i.uart_init)
    uxListRemove                             0x08009095   Thumb Code    40  list.o(i.uxListRemove)
    vListInsertEnd                           0x080090bd   Thumb Code    24  list.o(i.vListInsertEnd)
    vTaskSwitchContext                       0x080090d5   Thumb Code    76  tasks.o(i.vTaskSwitchContext)
    xPortSysTickHandler                      0x08009135   Thumb Code    50  port.o(i.xPortSysTickHandler)
    xTaskGetSchedulerState                   0x0800916d   Thumb Code    24  tasks.o(i.xTaskGetSchedulerState)
    xTaskIncrementTick                       0x0800918d   Thumb Code   238  tasks.o(i.xTaskIncrementTick)
    _fp_init                                 0x080092a9   Thumb Code    10  fpinit.o(x$fpl$fpinit)
    __fplib_config_fpu_vfp                   0x080092b1   Thumb Code     0  fpinit.o(x$fpl$fpinit)
    __fplib_config_pureend_doubles           0x080092b1   Thumb Code     0  fpinit.o(x$fpl$fpinit)
    D1CorePrescTable                         0x080092e2   Data          16  system_stm32h7xx.o(.constdata)
    asc2_1206                                0x08009352   Data        1140  lcd.o(.constdata)
    asc2_1608                                0x080097c6   Data        1520  lcd.o(.constdata)
    asc2_2412                                0x08009db6   Data        3420  lcd.o(.constdata)
    asc2_3216                                0x0800ab12   Data       12160  lcd.o(.constdata)
    memtblsize                               0x0800dac4   Data          24  malloc.o(.constdata)
    memblksize                               0x0800dadc   Data          24  malloc.o(.constdata)
    memsize                                  0x0800daf4   Data          24  malloc.o(.constdata)
    Region$$Table$$Base                      0x0800db90   Number         0  anon$$obj.o(Region$$Table)
    Region$$Table$$Limit                     0x0800dbb0   Number         0  anon$$obj.o(Region$$Table)
    mem5base                                 0x20000000   Data       122880  malloc.o(.ARM.__AT_0x20000000)
    mem5mapbase                              0x2001e000   Data        7680  malloc.o(.ARM.__AT_0x2001E000)
    SRAM_NAME_BUF                            0x24000000   Data          24  main.o(.data)
    SystemCoreClock                          0x24000018   Data           4  system_stm32h7xx.o(.data)
    SystemD2Clock                            0x2400001c   Data           4  system_stm32h7xx.o(.data)
    __stdout                                 0x24000028   Data           4  usart.o(.data)
    USART_RX_STA                             0x2400002c   Data           2  usart.o(.data)
    aRxBuffer                                0x2400002e   Data           1  usart.o(.data)
    POINT_COLOR                              0x2400003c   Data           4  lcd.o(.data)
    BACK_COLOR                               0x24000040   Data           4  lcd.o(.data)
    ltdc_framebuf                            0x24000044   Data           8  ltdc.o(.data)
    mallco_dev                               0x2400004c   Data          64  malloc.o(.data)
    pxCurrentTCB                             0x2400008c   Data           4  tasks.o(.data)
    USART_RX_BUF                             0x240000c8   Data         200  usart.o(.bss)
    UART1_Handler                            0x24000190   Data         128  usart.o(.bss)
    SDRAM_Handler                            0x24000210   Data          52  sdram.o(.bss)
    SRAM_Handler                             0x24000244   Data          76  lcd.o(.bss)
    lcddev                                   0x24000290   Data          14  lcd.o(.bss)
    LTDC_Handler                             0x240002a0   Data         168  ltdc.o(.bss)
    DMA2D_Handler                            0x24000348   Data          96  ltdc.o(.bss)
    lcdltdc                                  0x240003a8   Data          32  ltdc.o(.bss)
    mem1base                                 0x24000400   Data       458752  malloc.o(.bss)
    mem1mapbase                              0x24070400   Data       28672  malloc.o(.bss)
    __libspace_start                         0x240774c8   Data          96  libspace.o(.bss)
    __temporary_stack_top$libspace           0x24077528   Data           0  libspace.o(.bss)
    mem3base                                 0x30000000   Data       245760  malloc.o(.ARM.__AT_0x30000000)
    mem3mapbase                              0x3003c000   Data       15360  malloc.o(.ARM.__AT_0x3003C000)
    mem4base                                 0x38000000   Data       61440  malloc.o(.ARM.__AT_0x38000000)
    mem4mapbase                              0x3800f000   Data        3840  malloc.o(.ARM.__AT_0x3800F000)
    ltdc_lcd_framebuf                        0xc0000000   Data       2048000  ltdc.o(.ARM.__AT_0xC0000000)
    mem2base                                 0xc01f4000   Data       29605888  malloc.o(.ARM.__AT_0xC01F4000)
    mem2mapbase                              0xc1e30000   Data       1850368  malloc.o(.ARM.__AT_0xC1E30000)



==============================================================================

Memory Map of the image

  Image Entry point : 0x08000299

  Load Region LR_IROM1 (Base: 0x08000000, Size: 0x0000dc78, Max: 0x00200000, ABSOLUTE)

    Execution Region ER_IROM1 (Base: 0x08000000, Size: 0x0000dbb0, Max: 0x00200000, ABSOLUTE)

    Base Addr    Size         Type   Attr      Idx    E Section Name        Object

    0x08000000   0x00000298   Data   RO          746    RESET               startup_stm32h743xx.o
    0x08000298   0x00000008   Code   RO         7793  * !!!main             c_w.l(__main.o)
    0x080002a0   0x00000034   Code   RO         7979    !!!scatter          c_w.l(__scatter.o)
    0x080002d4   0x0000001a   Code   RO         7981    !!handler_copy      c_w.l(__scatter_copy.o)
    0x080002ee   0x00000002   PAD
    0x080002f0   0x0000001c   Code   RO         7983    !!handler_zi        c_w.l(__scatter_zi.o)
    0x0800030c   0x00000000   Code   RO         7780    .ARM.Collect$$_printf_percent$$00000000  c_w.l(_printf_percent.o)
    0x0800030c   0x00000006   Code   RO         7778    .ARM.Collect$$_printf_percent$$00000009  c_w.l(_printf_d.o)
    0x08000312   0x00000006   Code   RO         7777    .ARM.Collect$$_printf_percent$$0000000C  c_w.l(_printf_x.o)
    0x08000318   0x00000004   Code   RO         7810    .ARM.Collect$$_printf_percent$$00000017  c_w.l(_printf_percent_end.o)
    0x0800031c   0x00000002   Code   RO         7851    .ARM.Collect$$libinit$$00000000  c_w.l(libinit.o)
    0x0800031e   0x00000004   Code   RO         7863    .ARM.Collect$$libinit$$00000001  c_w.l(libinit2.o)
    0x08000322   0x00000000   Code   RO         7866    .ARM.Collect$$libinit$$00000004  c_w.l(libinit2.o)
    0x08000322   0x00000000   Code   RO         7869    .ARM.Collect$$libinit$$0000000A  c_w.l(libinit2.o)
    0x08000322   0x00000000   Code   RO         7871    .ARM.Collect$$libinit$$0000000C  c_w.l(libinit2.o)
    0x08000322   0x00000000   Code   RO         7873    .ARM.Collect$$libinit$$0000000E  c_w.l(libinit2.o)
    0x08000322   0x00000000   Code   RO         7876    .ARM.Collect$$libinit$$00000011  c_w.l(libinit2.o)
    0x08000322   0x00000000   Code   RO         7878    .ARM.Collect$$libinit$$00000013  c_w.l(libinit2.o)
    0x08000322   0x00000000   Code   RO         7880    .ARM.Collect$$libinit$$00000015  c_w.l(libinit2.o)
    0x08000322   0x00000000   Code   RO         7882    .ARM.Collect$$libinit$$00000017  c_w.l(libinit2.o)
    0x08000322   0x00000000   Code   RO         7884    .ARM.Collect$$libinit$$00000019  c_w.l(libinit2.o)
    0x08000322   0x00000000   Code   RO         7886    .ARM.Collect$$libinit$$0000001B  c_w.l(libinit2.o)
    0x08000322   0x00000000   Code   RO         7888    .ARM.Collect$$libinit$$0000001D  c_w.l(libinit2.o)
    0x08000322   0x00000000   Code   RO         7890    .ARM.Collect$$libinit$$0000001F  c_w.l(libinit2.o)
    0x08000322   0x00000000   Code   RO         7892    .ARM.Collect$$libinit$$00000021  c_w.l(libinit2.o)
    0x08000322   0x00000000   Code   RO         7894    .ARM.Collect$$libinit$$00000023  c_w.l(libinit2.o)
    0x08000322   0x00000000   Code   RO         7896    .ARM.Collect$$libinit$$00000025  c_w.l(libinit2.o)
    0x08000322   0x00000000   Code   RO         7900    .ARM.Collect$$libinit$$0000002C  c_w.l(libinit2.o)
    0x08000322   0x00000000   Code   RO         7902    .ARM.Collect$$libinit$$0000002E  c_w.l(libinit2.o)
    0x08000322   0x00000000   Code   RO         7904    .ARM.Collect$$libinit$$00000030  c_w.l(libinit2.o)
    0x08000322   0x00000000   Code   RO         7906    .ARM.Collect$$libinit$$00000032  c_w.l(libinit2.o)
    0x08000322   0x00000002   Code   RO         7907    .ARM.Collect$$libinit$$00000033  c_w.l(libinit2.o)
    0x08000324   0x00000002   Code   RO         7933    .ARM.Collect$$libshutdown$$00000000  c_w.l(libshutdown.o)
    0x08000326   0x00000000   Code   RO         7962    .ARM.Collect$$libshutdown$$00000002  c_w.l(libshutdown2.o)
    0x08000326   0x00000000   Code   RO         7964    .ARM.Collect$$libshutdown$$00000004  c_w.l(libshutdown2.o)
    0x08000326   0x00000000   Code   RO         7967    .ARM.Collect$$libshutdown$$00000007  c_w.l(libshutdown2.o)
    0x08000326   0x00000000   Code   RO         7970    .ARM.Collect$$libshutdown$$0000000A  c_w.l(libshutdown2.o)
    0x08000326   0x00000000   Code   RO         7972    .ARM.Collect$$libshutdown$$0000000C  c_w.l(libshutdown2.o)
    0x08000326   0x00000000   Code   RO         7975    .ARM.Collect$$libshutdown$$0000000F  c_w.l(libshutdown2.o)
    0x08000326   0x00000002   Code   RO         7976    .ARM.Collect$$libshutdown$$00000010  c_w.l(libshutdown2.o)
    0x08000328   0x00000000   Code   RO         7795    .ARM.Collect$$rtentry$$00000000  c_w.l(__rtentry.o)
    0x08000328   0x00000000   Code   RO         7814    .ARM.Collect$$rtentry$$00000002  c_w.l(__rtentry2.o)
    0x08000328   0x00000006   Code   RO         7826    .ARM.Collect$$rtentry$$00000004  c_w.l(__rtentry4.o)
    0x0800032e   0x00000000   Code   RO         7816    .ARM.Collect$$rtentry$$00000009  c_w.l(__rtentry2.o)
    0x0800032e   0x00000004   Code   RO         7817    .ARM.Collect$$rtentry$$0000000A  c_w.l(__rtentry2.o)
    0x08000332   0x00000000   Code   RO         7819    .ARM.Collect$$rtentry$$0000000C  c_w.l(__rtentry2.o)
    0x08000332   0x00000008   Code   RO         7820    .ARM.Collect$$rtentry$$0000000D  c_w.l(__rtentry2.o)
    0x0800033a   0x00000002   Code   RO         7855    .ARM.Collect$$rtexit$$00000000  c_w.l(rtexit.o)
    0x0800033c   0x00000000   Code   RO         7909    .ARM.Collect$$rtexit$$00000002  c_w.l(rtexit2.o)
    0x0800033c   0x00000004   Code   RO         7910    .ARM.Collect$$rtexit$$00000003  c_w.l(rtexit2.o)
    0x08000340   0x00000006   Code   RO         7911    .ARM.Collect$$rtexit$$00000004  c_w.l(rtexit2.o)
    0x08000346   0x00000002   PAD
    0x08000348   0x000000ba   Code   RO         7634    .emb_text           port.o
    0x08000402   0x00000002   PAD
    0x08000404   0x00000040   Code   RO          747    .text               startup_stm32h743xx.o
    0x08000444   0x000000ee   Code   RO         7717    .text               c_w.l(lludivv7m.o)
    0x08000532   0x00000002   PAD
    0x08000534   0x00000018   Code   RO         7723    .text               c_w.l(noretval__2printf.o)
    0x0800054c   0x00000028   Code   RO         7725    .text               c_w.l(noretval__2sprintf.o)
    0x08000574   0x0000004e   Code   RO         7729    .text               c_w.l(_printf_pad.o)
    0x080005c2   0x00000002   PAD
    0x080005c4   0x00000078   Code   RO         7733    .text               c_w.l(_printf_dec.o)
    0x0800063c   0x00000058   Code   RO         7738    .text               c_w.l(_printf_hex_int.o)
    0x08000694   0x00000138   Code   RO         7768    .text               c_w.l(__printf_flags_wp.o)
    0x080007cc   0x00000064   Code   RO         7787    .text               c_w.l(rt_memcpy_w.o)
    0x08000830   0x00000006   Code   RO         7791    .text               c_w.l(heapauxi.o)
    0x08000836   0x000000b2   Code   RO         7800    .text               c_w.l(_printf_intcommon.o)
    0x080008e8   0x00000030   Code   RO         7802    .text               c_w.l(_printf_char_common.o)
    0x08000918   0x0000000a   Code   RO         7804    .text               c_w.l(_sputc.o)
    0x08000922   0x00000002   PAD
    0x08000924   0x00000024   Code   RO         7808    .text               c_w.l(_printf_char_file.o)
    0x08000948   0x00000008   Code   RO         7832    .text               c_w.l(ferror.o)
    0x08000950   0x0000004a   Code   RO         7838    .text               c_w.l(sys_stackheap_outer.o)
    0x0800099a   0x00000012   Code   RO         7840    .text               c_w.l(exit.o)
    0x080009ac   0x00000008   Code   RO         7852    .text               c_w.l(libspace.o)
    0x080009b4   0x00000004   Code   RO          353    i.BusFault_Handler  stm32h7xx_it.o
    0x080009b8   0x0000001c   Code   RO          830    i.Cache_Enable      sys.o
    0x080009d4   0x00000002   Code   RO          354    i.DebugMon_Handler  stm32h7xx_it.o
    0x080009d6   0x00000002   PAD
    0x080009d8   0x00000048   Code   RO         4073    i.FMC_NORSRAM_Extended_Timing_Init  stm32h7xx_ll_fmc.o
    0x08000a20   0x00000080   Code   RO         4074    i.FMC_NORSRAM_Init  stm32h7xx_ll_fmc.o
    0x08000aa0   0x0000005e   Code   RO         4075    i.FMC_NORSRAM_Timing_Init  stm32h7xx_ll_fmc.o
    0x08000afe   0x00000074   Code   RO         4080    i.FMC_SDRAM_Init    stm32h7xx_ll_fmc.o
    0x08000b72   0x0000000e   Code   RO         4081    i.FMC_SDRAM_ProgramRefreshRate  stm32h7xx_ll_fmc.o
    0x08000b80   0x00000026   Code   RO         4082    i.FMC_SDRAM_SendCommand  stm32h7xx_ll_fmc.o
    0x08000ba6   0x00000002   PAD
    0x08000ba8   0x0000009c   Code   RO         4084    i.FMC_SDRAM_Timing_Init  stm32h7xx_ll_fmc.o
    0x08000c44   0x000000f8   Code   RO         1429    i.HAL_DMA_Abort_IT  stm32h7xx_hal_dma.o
    0x08000d3c   0x00000014   Code   RO          976    i.HAL_EnableCompensationCell  stm32h7xx_hal.o
    0x08000d50   0x0000024c   Code   RO         1616    i.HAL_GPIO_Init     stm32h7xx_hal_gpio.o
    0x08000f9c   0x00000010   Code   RO         1618    i.HAL_GPIO_ReadPin  stm32h7xx_hal_gpio.o
    0x08000fac   0x00000008   Code   RO         1619    i.HAL_GPIO_TogglePin  stm32h7xx_hal_gpio.o
    0x08000fb4   0x0000000a   Code   RO         1620    i.HAL_GPIO_WritePin  stm32h7xx_hal_gpio.o
    0x08000fbe   0x00000002   PAD
    0x08000fc0   0x0000000c   Code   RO          983    i.HAL_GetTick       stm32h7xx_hal.o
    0x08000fcc   0x00000018   Code   RO          986    i.HAL_IncTick       stm32h7xx_hal.o
    0x08000fe4   0x0000001c   Code   RO          987    i.HAL_Init          stm32h7xx_hal.o
    0x08001000   0x0000004c   Code   RO          988    i.HAL_InitTick      stm32h7xx_hal.o
    0x0800104c   0x0000005e   Code   RO         4500    i.HAL_LTDC_ConfigLayer  stm32h7xx_hal_ltdc.o
    0x080010aa   0x00000002   PAD
    0x080010ac   0x0000011c   Code   RO         4517    i.HAL_LTDC_Init     stm32h7xx_hal_ltdc.o
    0x080011c8   0x00000144   Code   RO         6163    i.HAL_LTDC_MspInit  ltdc.o
    0x0800130c   0x0000006c   Code   RO         4532    i.HAL_LTDC_SetWindowPosition  stm32h7xx_hal_ltdc.o
    0x08001378   0x0000006c   Code   RO         4534    i.HAL_LTDC_SetWindowSize  stm32h7xx_hal_ltdc.o
    0x080013e4   0x0000005c   Code   RO         1276    i.HAL_MPU_ConfigRegion  stm32h7xx_hal_cortex.o
    0x08001440   0x0000002c   Code   RO         1277    i.HAL_MPU_Disable   stm32h7xx_hal_cortex.o
    0x0800146c   0x00000040   Code   RO         1278    i.HAL_MPU_Enable    stm32h7xx_hal_cortex.o
    0x080014ac   0x00000002   Code   RO          716    i.HAL_MspInit       stm32h7xx_hal_msp.o
    0x080014ae   0x00000020   Code   RO         1281    i.HAL_NVIC_EnableIRQ  stm32h7xx_hal_cortex.o
    0x080014ce   0x0000007a   Code   RO         1287    i.HAL_NVIC_SetPriority  stm32h7xx_hal_cortex.o
    0x08001548   0x00000028   Code   RO         1288    i.HAL_NVIC_SetPriorityGrouping  stm32h7xx_hal_cortex.o
    0x08001570   0x00000038   Code   RO         2311    i.HAL_RCCEx_GetD1SysClockFreq  stm32h7xx_hal_rcc_ex.o
    0x080015a8   0x0000002c   Code   RO         2312    i.HAL_RCCEx_GetD3PCLK1Freq  stm32h7xx_hal_rcc_ex.o
    0x080015d4   0x0000022c   Code   RO         2314    i.HAL_RCCEx_GetPLL2ClockFreq  stm32h7xx_hal_rcc_ex.o
    0x08001800   0x0000022c   Code   RO         2315    i.HAL_RCCEx_GetPLL3ClockFreq  stm32h7xx_hal_rcc_ex.o
    0x08001a2c   0x00000b38   Code   RO         2319    i.HAL_RCCEx_PeriphCLKConfig  stm32h7xx_hal_rcc_ex.o
    0x08002564   0x00000250   Code   RO         2202    i.HAL_RCC_ClockConfig  stm32h7xx_hal_rcc.o
    0x080027b4   0x00000038   Code   RO         2206    i.HAL_RCC_GetHCLKFreq  stm32h7xx_hal_rcc.o
    0x080027ec   0x0000002c   Code   RO         2208    i.HAL_RCC_GetPCLK1Freq  stm32h7xx_hal_rcc.o
    0x08002818   0x0000002c   Code   RO         2209    i.HAL_RCC_GetPCLK2Freq  stm32h7xx_hal_rcc.o
    0x08002844   0x00000244   Code   RO         2210    i.HAL_RCC_GetSysClockFreq  stm32h7xx_hal_rcc.o
    0x08002a88   0x000006c4   Code   RO         2213    i.HAL_RCC_OscConfig  stm32h7xx_hal_rcc.o
    0x0800314c   0x00000050   Code   RO         4345    i.HAL_SDRAM_Init    stm32h7xx_hal_sdram.o
    0x0800319c   0x0000013c   Code   RO         5869    i.HAL_SDRAM_MspInit  sdram.o
    0x080032d8   0x00000028   Code   RO         4348    i.HAL_SDRAM_ProgramRefreshRate  stm32h7xx_hal_sdram.o
    0x08003300   0x0000003a   Code   RO         4354    i.HAL_SDRAM_SendCommand  stm32h7xx_hal_sdram.o
    0x0800333a   0x00000002   PAD
    0x0800333c   0x00000068   Code   RO         4221    i.HAL_SRAM_Init     stm32h7xx_hal_sram.o
    0x080033a4   0x00000098   Code   RO         5928    i.HAL_SRAM_MspInit  lcd.o
    0x0800343c   0x00000028   Code   RO         1290    i.HAL_SYSTICK_CLKSourceConfig  stm32h7xx_hal_cortex.o
    0x08003464   0x00000034   Code   RO         1292    i.HAL_SYSTICK_Config  stm32h7xx_hal_cortex.o
    0x08003498   0x00000002   Code   RO         2825    i.HAL_UARTEx_WakeupCallback  stm32h7xx_hal_uart_ex.o
    0x0800349a   0x00000002   Code   RO         2489    i.HAL_UART_ErrorCallback  stm32h7xx_hal_uart.o
    0x0800349c   0x00000014   Code   RO         2491    i.HAL_UART_GetState  stm32h7xx_hal_uart.o
    0x080034b0   0x000001bc   Code   RO         2492    i.HAL_UART_IRQHandler  stm32h7xx_hal_uart.o
    0x0800366c   0x00000078   Code   RO         2493    i.HAL_UART_Init     stm32h7xx_hal_uart.o
    0x080036e4   0x00000098   Code   RO          891    i.HAL_UART_MspInit  usart.o
    0x0800377c   0x000000e0   Code   RO         2498    i.HAL_UART_Receive_IT  stm32h7xx_hal_uart.o
    0x0800385c   0x00000088   Code   RO          892    i.HAL_UART_RxCpltCallback  usart.o
    0x080038e4   0x00000002   Code   RO         2504    i.HAL_UART_TxCpltCallback  stm32h7xx_hal_uart.o
    0x080038e6   0x00000004   Code   RO          355    i.HardFault_Handler  stm32h7xx_it.o
    0x080038ea   0x00000002   PAD
    0x080038ec   0x000000a8   Code   RO         5793    i.KEY_Init          key.o
    0x08003994   0x000000d0   Code   RO         5794    i.KEY_Scan          key.o
    0x08003a64   0x00000048   Code   RO         5930    i.LCD_Clear         lcd.o
    0x08003aac   0x00000198   Code   RO         5934    i.LCD_Display_Dir   lcd.o
    0x08003c44   0x00000130   Code   RO         5939    i.LCD_Fast_DrawPoint  lcd.o
    0x08003d74   0x00000070   Code   RO         5940    i.LCD_Fill          lcd.o
    0x08003de4   0x000026e0   Code   RO         5941    i.LCD_Init          lcd.o
    0x080064c4   0x00000050   Code   RO         5942    i.LCD_MPU_Config    lcd.o
    0x08006514   0x00000014   Code   RO         5944    i.LCD_RD_DATA       lcd.o
    0x08006528   0x00000050   Code   RO         5947    i.LCD_SSD_BackLightSet  lcd.o
    0x08006578   0x00000280   Code   RO         5948    i.LCD_Scan_Dir      lcd.o
    0x080067f8   0x00000144   Code   RO         5949    i.LCD_SetCursor     lcd.o
    0x0800693c   0x0000013c   Code   RO         5951    i.LCD_ShowChar      lcd.o
    0x08006a78   0x00000066   Code   RO         5953    i.LCD_ShowString    lcd.o
    0x08006ade   0x00000002   PAD
    0x08006ae0   0x00000018   Code   RO         5955    i.LCD_WR_DATA       lcd.o
    0x08006af8   0x00000018   Code   RO         5956    i.LCD_WR_REG        lcd.o
    0x08006b10   0x00000014   Code   RO         5958    i.LCD_WriteRAM_Prepare  lcd.o
    0x08006b24   0x00000010   Code   RO         5959    i.LCD_WriteReg      lcd.o
    0x08006b34   0x00000058   Code   RO         5764    i.LED_Init          led.o
    0x08006b8c   0x00000024   Code   RO         6164    i.LTDC_Clear        ltdc.o
    0x08006bb0   0x0000002e   Code   RO         6165    i.LTDC_Clk_Set      ltdc.o
    0x08006bde   0x00000002   PAD
    0x08006be0   0x0000002c   Code   RO         6167    i.LTDC_Display_Dir  ltdc.o
    0x08006c0c   0x00000050   Code   RO         6168    i.LTDC_Draw_Point   ltdc.o
    0x08006c5c   0x00000148   Code   RO         6169    i.LTDC_Fill         ltdc.o
    0x08006da4   0x00000410   Code   RO         6170    i.LTDC_Init         ltdc.o
    0x080071b4   0x0000007c   Code   RO         6171    i.LTDC_Layer_Parameter_Config  ltdc.o
    0x08007230   0x00000030   Code   RO         6173    i.LTDC_Layer_Window_Config  ltdc.o
    0x08007260   0x000000d4   Code   RO         6174    i.LTDC_PanelID_Read  ltdc.o
    0x08007334   0x0000000c   Code   RO         6176    i.LTDC_Select_Layer  ltdc.o
    0x08007340   0x00000212   Code   RO         4536    i.LTDC_SetConfig    stm32h7xx_hal_ltdc.o
    0x08007552   0x00000002   Code   RO          356    i.NMI_Handler       stm32h7xx_it.o
    0x08007554   0x00000130   Code   RO         2322    i.RCCEx_PLL2_Config  stm32h7xx_hal_rcc_ex.o
    0x08007684   0x00000130   Code   RO         2323    i.RCCEx_PLL3_Config  stm32h7xx_hal_rcc_ex.o
    0x080077b4   0x0000009c   Code   RO          833    i.SCB_EnableDCache  sys.o
    0x08007850   0x0000007c   Code   RO          834    i.SCB_EnableICache  sys.o
    0x080078cc   0x00000068   Code   RO         5870    i.SDRAM_Init        sdram.o
    0x08007934   0x00000054   Code   RO         5871    i.SDRAM_Initialization_Sequence  sdram.o
    0x08007988   0x00000048   Code   RO         5872    i.SDRAM_Send_Cmd    sdram.o
    0x080079d0   0x000000f8   Code   RO          835    i.Stm32_Clock_Init  sys.o
    0x08007ac8   0x00000014   Code   RO          754    i.SysTick_Handler   delay.o
    0x08007adc   0x00000094   Code   RO          679    i.SystemInit        system_stm32h7xx.o
    0x08007b70   0x000000ea   Code   RO         2506    i.UART_AdvFeatureConfig  stm32h7xx_hal_uart.o
    0x08007c5a   0x00000074   Code   RO         2507    i.UART_CheckIdleState  stm32h7xx_hal_uart.o
    0x08007cce   0x00000018   Code   RO         2508    i.UART_DMAAbortOnError  stm32h7xx_hal_uart.o
    0x08007ce6   0x00000020   Code   RO         2518    i.UART_EndRxTransfer  stm32h7xx_hal_uart.o
    0x08007d06   0x00000020   Code   RO         2519    i.UART_EndTransmit_IT  stm32h7xx_hal_uart.o
    0x08007d26   0x0000008a   Code   RO         2521    i.UART_Receive_IT   stm32h7xx_hal_uart.o
    0x08007db0   0x000009a4   Code   RO         2522    i.UART_SetConfig    stm32h7xx_hal_uart.o
    0x08008754   0x00000082   Code   RO         2523    i.UART_Transmit_IT  stm32h7xx_hal_uart.o
    0x080087d6   0x0000006c   Code   RO         2524    i.UART_WaitOnFlagUntilTimeout  stm32h7xx_hal_uart.o
    0x08008842   0x00000002   PAD
    0x08008844   0x00000050   Code   RO          893    i.USART1_IRQHandler  usart.o
    0x08008894   0x00000004   Code   RO          357    i.UsageFault_Handler  stm32h7xx_it.o
    0x08008898   0x00000010   Code   RO         1294    i.__NVIC_GetPriorityGrouping  stm32h7xx_hal_cortex.o
    0x080088a8   0x00000028   Code   RO         1295    i.__NVIC_SetPriority  stm32h7xx_hal_cortex.o
    0x080088d0   0x0000000e   Code   RO         7766    i._is_digit         c_w.l(__printf_wp.o)
    0x080088de   0x00000004   Code   RO          894    i._sys_exit         usart.o
    0x080088e2   0x00000002   PAD
    0x080088e4   0x00000014   Code   RO          755    i.delay_init        delay.o
    0x080088f8   0x00000018   Code   RO          756    i.delay_ms          delay.o
    0x08008910   0x00000048   Code   RO          757    i.delay_us          delay.o
    0x08008958   0x0000001c   Code   RO          895    i.fputc             usart.o
    0x08008974   0x000004d4   Code   RO            4    i.main              main.o
    0x08008e48   0x0000006c   Code   RO         6502    i.my_mem_free       malloc.o
    0x08008eb4   0x0000002c   Code   RO         6503    i.my_mem_init       malloc.o
    0x08008ee0   0x000000a8   Code   RO         6504    i.my_mem_malloc     malloc.o
    0x08008f88   0x00000040   Code   RO         6505    i.my_mem_perused    malloc.o
    0x08008fc8   0x00000024   Code   RO         6506    i.myfree            malloc.o
    0x08008fec   0x00000028   Code   RO         6507    i.mymalloc          malloc.o
    0x08009014   0x00000014   Code   RO         6509    i.mymemset          malloc.o
    0x08009028   0x00000034   Code   RO         7064    i.prvResetNextTaskUnblockTime  tasks.o
    0x0800905c   0x00000038   Code   RO          896    i.uart_init         usart.o
    0x08009094   0x00000028   Code   RO         6756    i.uxListRemove      list.o
    0x080090bc   0x00000018   Code   RO         6760    i.vListInsertEnd    list.o
    0x080090d4   0x00000060   Code   RO         7095    i.vTaskSwitchContext  tasks.o
    0x08009134   0x00000038   Code   RO         7642    i.xPortSysTickHandler  port.o
    0x0800916c   0x00000020   Code   RO         7101    i.xTaskGetSchedulerState  tasks.o
    0x0800918c   0x0000011c   Code   RO         7104    i.xTaskIncrementTick  tasks.o
    0x080092a8   0x0000000a   Code   RO         7921    x$fpl$fpinit        fz_wv.l(fpinit.o)
    0x080092b2   0x00000040   Data   RO          680    .constdata          system_stm32h7xx.o
    0x080092f2   0x00000030   Data   RO         2525    .constdata          stm32h7xx_hal_uart.o
    0x08009322   0x00004770   Data   RO         5962    .constdata          lcd.o
    0x0800da92   0x00000002   PAD
    0x0800da94   0x00000078   Data   RO         6522    .constdata          malloc.o
    0x0800db0c   0x00000028   Data   RO         7739    .constdata          c_w.l(_printf_hex_int.o)
    0x0800db34   0x00000011   Data   RO         7769    .constdata          c_w.l(__printf_flags_wp.o)
    0x0800db45   0x00000003   PAD
    0x0800db48   0x00000045   Data   RO            6    .conststring        main.o
    0x0800db8d   0x00000003   PAD
    0x0800db90   0x00000020   Data   RO         7977    Region$$Table       anon$$obj.o


    Execution Region RW_IRAM2 (Base: 0x24000000, Size: 0x00077b28, Max: 0x00080000, ABSOLUTE)

    Base Addr    Size         Type   Attr      Idx    E Section Name        Object

    0x24000000   0x00000018   Data   RW            7    .data               main.o
    0x24000018   0x00000008   Data   RW          681    .data               system_stm32h7xx.o
    0x24000020   0x00000006   Data   RW          759    .data               delay.o
    0x24000026   0x00000002   PAD
    0x24000028   0x00000007   Data   RW          899    .data               usart.o
    0x2400002f   0x00000001   PAD
    0x24000030   0x00000009   Data   RW         1010    .data               stm32h7xx_hal.o
    0x24000039   0x00000001   Data   RW         5796    .data               key.o
    0x2400003a   0x00000002   PAD
    0x2400003c   0x00000008   Data   RW         5963    .data               lcd.o
    0x24000044   0x00000008   Data   RW         6181    .data               ltdc.o
    0x2400004c   0x00000040   Data   RW         6523    .data               malloc.o
    0x2400008c   0x0000003c   Data   RW         7114    .data               tasks.o
    0x240000c8   0x00000148   Zero   RW          897    .bss                usart.o
    0x24000210   0x00000034   Zero   RW         5873    .bss                sdram.o
    0x24000244   0x0000005a   Zero   RW         5961    .bss                lcd.o
    0x2400029e   0x00000002   PAD
    0x240002a0   0x00000128   Zero   RW         6179    .bss                ltdc.o
    0x240003c8   0x00000038   PAD
    0x24000400   0x00077000   Zero   RW         6521    .bss                malloc.o
    0x24077400   0x000000c8   Zero   RW         7112    .bss                tasks.o
    0x240774c8   0x00000060   Zero   RW         7853    .bss                c_w.l(libspace.o)
    0x24077528   0x00000200   Zero   RW          745    HEAP                startup_stm32h743xx.o
    0x24077728   0x00000400   Zero   RW          744    STACK               startup_stm32h743xx.o



  Load Region LR$$.ARM.__AT_0x00000000 (Base: 0x00000000, Size: 0x00000000, Max: 0x0000f000, ABSOLUTE)

    Execution Region ER$$.ARM.__AT_0x00000000 (Base: 0x00000000, Size: 0x0000f000, Max: 0x0000f000, ABSOLUTE, UNINIT)

    Base Addr    Size         Type   Attr      Idx    E Section Name        Object

    0x00000000   0x0000f000   Zero   RW         6511    .ARM.__AT_0x00000000  malloc.o



  Load Region LR$$.ARM.__AT_0x0000F000 (Base: 0x0000f000, Size: 0x00000000, Max: 0x00000f00, ABSOLUTE)

    Execution Region ER$$.ARM.__AT_0x0000F000 (Base: 0x0000f000, Size: 0x00000f00, Max: 0x00000f00, ABSOLUTE, UNINIT)

    Base Addr    Size         Type   Attr      Idx    E Section Name        Object

    0x0000f000   0x00000f00   Zero   RW         6512    .ARM.__AT_0x0000F000  malloc.o



  Load Region LR$$.ARM.__AT_0x20000000 (Base: 0x20000000, Size: 0x00000000, Max: 0x0001e000, ABSOLUTE)

    Execution Region ER$$.ARM.__AT_0x20000000 (Base: 0x20000000, Size: 0x0001e000, Max: 0x0001e000, ABSOLUTE, UNINIT)

    Base Addr    Size         Type   Attr      Idx    E Section Name        Object

    0x20000000   0x0001e000   Zero   RW         6513    .ARM.__AT_0x20000000  malloc.o



  Load Region LR$$.ARM.__AT_0x2001E000 (Base: 0x2001e000, Size: 0x00000000, Max: 0x00001e00, ABSOLUTE)

    Execution Region ER$$.ARM.__AT_0x2001E000 (Base: 0x2001e000, Size: 0x00001e00, Max: 0x00001e00, ABSOLUTE, UNINIT)

    Base Addr    Size         Type   Attr      Idx    E Section Name        Object

    0x2001e000   0x00001e00   Zero   RW         6514    .ARM.__AT_0x2001E000  malloc.o



  Load Region LR$$.ARM.__AT_0x30000000 (Base: 0x30000000, Size: 0x00000000, Max: 0x0003c000, ABSOLUTE)

    Execution Region ER$$.ARM.__AT_0x30000000 (Base: 0x30000000, Size: 0x0003c000, Max: 0x0003c000, ABSOLUTE, UNINIT)

    Base Addr    Size         Type   Attr      Idx    E Section Name        Object

    0x30000000   0x0003c000   Zero   RW         6515    .ARM.__AT_0x30000000  malloc.o



  Load Region LR$$.ARM.__AT_0x3003C000 (Base: 0x3003c000, Size: 0x00000000, Max: 0x00003c00, ABSOLUTE)

    Execution Region ER$$.ARM.__AT_0x3003C000 (Base: 0x3003c000, Size: 0x00003c00, Max: 0x00003c00, ABSOLUTE, UNINIT)

    Base Addr    Size         Type   Attr      Idx    E Section Name        Object

    0x3003c000   0x00003c00   Zero   RW         6516    .ARM.__AT_0x3003C000  malloc.o



  Load Region LR$$.ARM.__AT_0x38000000 (Base: 0x38000000, Size: 0x00000000, Max: 0x0000f000, ABSOLUTE)

    Execution Region ER$$.ARM.__AT_0x38000000 (Base: 0x38000000, Size: 0x0000f000, Max: 0x0000f000, ABSOLUTE, UNINIT)

    Base Addr    Size         Type   Attr      Idx    E Section Name        Object

    0x38000000   0x0000f000   Zero   RW         6517    .ARM.__AT_0x38000000  malloc.o



  Load Region LR$$.ARM.__AT_0x3800F000 (Base: 0x3800f000, Size: 0x00000000, Max: 0x00000f00, ABSOLUTE)

    Execution Region ER$$.ARM.__AT_0x3800F000 (Base: 0x3800f000, Size: 0x00000f00, Max: 0x00000f00, ABSOLUTE, UNINIT)

    Base Addr    Size         Type   Attr      Idx    E Section Name        Object

    0x3800f000   0x00000f00   Zero   RW         6518    .ARM.__AT_0x3800F000  malloc.o



  Load Region LR$$.ARM.__AT_0xC0000000 (Base: 0xc0000000, Size: 0x00000000, Max: 0x001f4000, ABSOLUTE)

    Execution Region ER$$.ARM.__AT_0xC0000000 (Base: 0xc0000000, Size: 0x001f4000, Max: 0x001f4000, ABSOLUTE, UNINIT)

    Base Addr    Size         Type   Attr      Idx    E Section Name        Object

    0xc0000000   0x001f4000   Zero   RW         6178    .ARM.__AT_0xC0000000  ltdc.o



  Load Region LR$$.ARM.__AT_0xC01F4000 (Base: 0xc01f4000, Size: 0x00000000, Max: 0x01c3c000, ABSOLUTE)

    Execution Region ER$$.ARM.__AT_0xC01F4000 (Base: 0xc01f4000, Size: 0x01c3c000, Max: 0x01c3c000, ABSOLUTE, UNINIT)

    Base Addr    Size         Type   Attr      Idx    E Section Name        Object

    0xc01f4000   0x01c3c000   Zero   RW         6519    .ARM.__AT_0xC01F4000  malloc.o



  Load Region LR$$.ARM.__AT_0xC1E30000 (Base: 0xc1e30000, Size: 0x00000000, Max: 0x001c3c00, ABSOLUTE)

    Execution Region ER$$.ARM.__AT_0xC1E30000 (Base: 0xc1e30000, Size: 0x001c3c00, Max: 0x001c3c00, ABSOLUTE, UNINIT)

    Base Addr    Size         Type   Attr      Idx    E Section Name        Object

    0xc1e30000   0x001c3c00   Zero   RW         6520    .ARM.__AT_0xC1E30000  malloc.o


==============================================================================

Image component sizes


      Code (inc. data)   RO Data    RW Data    ZI Data      Debug   Object Name

       136          8          0          6          0       9613   delay.o
       376         34          0          1          0       1666   key.o
     12646        220      18288          8         90      20119   lcd.o
        88         10          0          0          0        835   led.o
        64          0          0          0          0       1556   list.o
      2294        124          0          8    2048296      10142   ltdc.o
      1236        282         69         24          0    1018071   main.o
       480         54        120         64   32465920       7033   malloc.o
       242         22          0          0          0       3894   port.o
       576         46          0          0         52       3574   sdram.o
        64         26        664          0       1536        816   startup_stm32h743xx.o
       160         32          0          9          0       3859   stm32h7xx_hal.o
       542         38          0          0          0      41387   stm32h7xx_hal_cortex.o
       248         12          0          0          0       2047   stm32h7xx_hal_dma.o
       622         54          0          0          0       3712   stm32h7xx_hal_gpio.o
      1124          6          0          0          0       4601   stm32h7xx_hal_ltdc.o
         2          0          0          0          0        434   stm32h7xx_hal_msp.o
      3048         86          0          0          0       5888   stm32h7xx_hal_rcc.o
      4692        118          0          0          0       7299   stm32h7xx_hal_rcc_ex.o
       178          4          0          0          0       2696   stm32h7xx_hal_sdram.o
       104          4          0          0          0       1188   stm32h7xx_hal_sram.o
      4094        140         48          0          0      12616   stm32h7xx_hal_uart.o
         2          0          0          0          0        940   stm32h7xx_hal_uart_ex.o
        16          0          0          0          0    1218529   stm32h7xx_it.o
       618         14          0          0          0       5664   stm32h7xx_ll_fmc.o
       556         30          0          0          0      37221   sys.o
       148         18         64          8          0       1202   system_stm32h7xx.o
       464         84          0         60        200      14378   tasks.o
       456         62          0          7        328       5401   usart.o

    ----------------------------------------------------------------------
     35298       1528      19290        200   34516480    2446381   Object Totals
         0          0         32          0          0          0   (incl. Generated)
        22          0          5          5         58          0   (incl. Padding)

    ----------------------------------------------------------------------

      Code (inc. data)   RO Data    RW Data    ZI Data      Debug   Library Member Name

         8          0          0          0          0         68   __main.o
       312          4         17          0          0         92   __printf_flags_wp.o
        14          0          0          0          0         68   __printf_wp.o
         0          0          0          0          0          0   __rtentry.o
        12          0          0          0          0          0   __rtentry2.o
         6          0          0          0          0          0   __rtentry4.o
        52          8          0          0          0          0   __scatter.o
        26          0          0          0          0          0   __scatter_copy.o
        28          0          0          0          0          0   __scatter_zi.o
        48          6          0          0          0         96   _printf_char_common.o
        36          4          0          0          0         80   _printf_char_file.o
         6          0          0          0          0          0   _printf_d.o
       120         16          0          0          0         92   _printf_dec.o
        88          4         40          0          0         88   _printf_hex_int.o
       178          0          0          0          0         88   _printf_intcommon.o
        78          0          0          0          0        108   _printf_pad.o
         0          0          0          0          0          0   _printf_percent.o
         4          0          0          0          0          0   _printf_percent_end.o
         6          0          0          0          0          0   _printf_x.o
        10          0          0          0          0         68   _sputc.o
        18          0          0          0          0         80   exit.o
         8          0          0          0          0         68   ferror.o
         6          0          0          0          0        152   heapauxi.o
         2          0          0          0          0          0   libinit.o
         6          0          0          0          0          0   libinit2.o
         2          0          0          0          0          0   libshutdown.o
         2          0          0          0          0          0   libshutdown2.o
         8          4          0          0         96         68   libspace.o
       238          0          0          0          0        100   lludivv7m.o
        24          4          0          0          0         84   noretval__2printf.o
        40          6          0          0          0         84   noretval__2sprintf.o
       100          0          0          0          0         80   rt_memcpy_w.o
         2          0          0          0          0          0   rtexit.o
        10          0          0          0          0          0   rtexit2.o
        74          0          0          0          0         80   sys_stackheap_outer.o
        10          0          0          0          0        116   fpinit.o

    ----------------------------------------------------------------------
      1592         56         60          0         96       1760   Library Totals
        10          0          3          0          0          0   (incl. Padding)

    ----------------------------------------------------------------------

      Code (inc. data)   RO Data    RW Data    ZI Data      Debug   Library Name

      1572         56         57          0         96       1644   c_w.l
        10          0          0          0          0        116   fz_wv.l

    ----------------------------------------------------------------------
      1592         56         60          0         96       1760   Library Totals

    ----------------------------------------------------------------------

==============================================================================


      Code (inc. data)   RO Data    RW Data    ZI Data      Debug   

     36890       1584      19350        200   34516576    2434661   Grand Totals
     36890       1584      19350        200   34516576    2434661   ELF Image Totals
     36890       1584      19350        200          0          0   ROM Totals

==============================================================================

    Total RO  Size (Code + RO Data)                56240 (  54.92kB)
    Total RW  Size (RW Data + ZI Data)          34516776 (33707.79kB)
    Total ROM Size (Code + RO Data + RW Data)      56440 (  55.12kB)

==============================================================================

