<html>
<body>
<pre>
<h1>礦ision Build Log</h1>
<h2>Tool Versions:</h2>
IDE-Version: μVision V5.23.0.0
Copyright (C) 2017 ARM Ltd and ARM Germany GmbH. All rights reserved.
License Information: wq Lenovo, qw, LIC=VGXG8-3VG8W-QDKKD-8UISZ-L62JY-AZQVN
 
Tool Versions:
Toolchain:       MDK-ARM Plus  Version: 5.23
Toolchain Path:  E:\keil\ARM\ARMCC\Bin
C Compiler:      Armcc.exe V5.06 update 4 (build 422)
Assembler:       Armasm.exe V5.06 update 4 (build 422)
Linker/Locator:  ArmLink.exe V5.06 update 4 (build 422)
Library Manager: ArmAr.exe V5.06 update 4 (build 422)
Hex Converter:   FromElf.exe V5.06 update 4 (build 422)
CPU DLL:         SARMCM3.DLL V5.23
Dialog DLL:      DCM.DLL V1.15.0.0
Target DLL:      STLink\ST-LINKIII-KEIL_SWO.dll V2.0.18.0
Dialog DLL:      TCM.DLL V1.27.0.0
 
<h2>Project:</h2>
D:\RTOS\h743\FreeRTOS_repository\USER\MALLOC.uvprojx
Project File Date:  03/18/2024

<h2>Output:</h2>
*** Using Compiler 'V5.06 update 4 (build 422)', folder: 'E:\keil\ARM\ARMCC\Bin'
Build target 'FreeRTOS'
compiling delay.c...
..\SYSTEM\delay\delay.c(16): warning:  #177-D: variable "fac_ms"  was declared but never referenced
  static u16 fac_ms=0;							//ms延时倍乘数,在os下,代表每个节拍的ms数
..\SYSTEM\delay\delay.c: 1 warning, 0 errors
compiling usart.c...
compiling main.c...
compiling list.c...
compiling event_groups.c...
compiling croutine.c...
compiling queue.c...
compiling tasks.c...
compiling port.c...
compiling heap_4.c...
compiling timers.c...
linking...
Program Size: Code=36890 RO-data=19350 RW-data=200 ZI-data=34516576  
FromELF: creating hex file...
"..\OBJ\Template.axf" - 0 Error(s), 1 Warning(s).

<h2>Collection of Component include folders:</h2>
  .\RTE\_FreeRTOS
  E:\keil\ARM\PACK\Keil\STM32H7xx_DFP\3.1.0\Drivers\CMSIS\Device\ST\STM32H7xx\Include

<h2>Collection of Component Files used:</h2>
Build Time Elapsed:  00:02:18
</pre>
</body>
</html>
